Component: ARM Compiler 5.06 update 4 (build 422) Tool: armlink [4d35d2]

==============================================================================

Section Cross References

    system_stm32f0xx.o(i.SystemCoreClockUpdate) refers to uidiv.o(.text) for __aeabi_uidivmod
    system_stm32f0xx.o(i.SystemCoreClockUpdate) refers to system_stm32f0xx.o(.data) for .data
    system_stm32f0xx.o(i.SystemCoreClockUpdate) refers to system_stm32f0xx.o(.constdata) for .constdata
    system_stm32f0xx.o(.ARM.exidx) refers to system_stm32f0xx.o(i.SystemInit) for i.SystemInit
    system_stm32f0xx.o(.ARM.exidx) refers to system_stm32f0xx.o(i.SystemCoreClockUpdate) for i.SystemCoreClockUpdate
    stm32f0xx_hal_i2c.o(i.HAL_I2C_DeInit) refers to stm32f0xx_hal_i2c.o(i.HAL_I2C_MspDeInit) for HAL_I2C_MspDeInit
    stm32f0xx_hal_i2c.o(i.HAL_I2C_DisableListen_IT) refers to stm32f0xx_hal_i2c.o(i._Z15I2C_Disable_IRQP19__I2C_HandleTypeDeft) for I2C_Disable_IRQ(__I2C_HandleTypeDef*, unsigned short)
    stm32f0xx_hal_i2c.o(i.HAL_I2C_ER_IRQHandler) refers to stm32f0xx_hal_i2c.o(i._Z11I2C_ITErrorP19__I2C_HandleTypeDefj) for I2C_ITError(__I2C_HandleTypeDef*, unsigned)
    stm32f0xx_hal_i2c.o(i.HAL_I2C_EnableListen_IT) refers to stm32f0xx_hal_i2c.o(i._Z14I2C_Enable_IRQP19__I2C_HandleTypeDeft) for I2C_Enable_IRQ(__I2C_HandleTypeDef*, unsigned short)
    stm32f0xx_hal_i2c.o(i.HAL_I2C_EnableListen_IT) refers to stm32f0xx_hal_i2c.o(i._Z16I2C_Slave_ISR_ITP19__I2C_HandleTypeDefjj) for I2C_Slave_ISR_IT(__I2C_HandleTypeDef*, unsigned, unsigned)
    stm32f0xx_hal_i2c.o(i.HAL_I2C_Init) refers to stm32f0xx_hal_i2c.o(i.HAL_I2C_MspInit) for HAL_I2C_MspInit
    stm32f0xx_hal_i2c.o(i.HAL_I2C_IsDeviceReady) refers to stm32f0xx_hal.o(i.HAL_GetTick) for HAL_GetTick
    stm32f0xx_hal_i2c.o(i.HAL_I2C_IsDeviceReady) refers to stm32f0xx_hal_i2c.o(i._Z26I2C_WaitOnFlagUntilTimeoutP19__I2C_HandleTypeDefj10FlagStatusjj) for I2C_WaitOnFlagUntilTimeout(__I2C_HandleTypeDef*, unsigned, FlagStatus, unsigned, unsigned)
    stm32f0xx_hal_i2c.o(i.HAL_I2C_Master_Abort_IT) refers to stm32f0xx_hal_i2c.o(i._Z15I2C_Disable_IRQP19__I2C_HandleTypeDeft) for I2C_Disable_IRQ(__I2C_HandleTypeDef*, unsigned short)
    stm32f0xx_hal_i2c.o(i.HAL_I2C_Master_Abort_IT) refers to stm32f0xx_hal_i2c.o(i._Z18I2C_TransferConfigP19__I2C_HandleTypeDefthjj) for I2C_TransferConfig(__I2C_HandleTypeDef*, unsigned short, unsigned char, unsigned, unsigned)
    stm32f0xx_hal_i2c.o(i.HAL_I2C_Master_Abort_IT) refers to stm32f0xx_hal_i2c.o(i._Z14I2C_Enable_IRQP19__I2C_HandleTypeDeft) for I2C_Enable_IRQ(__I2C_HandleTypeDef*, unsigned short)
    stm32f0xx_hal_i2c.o(i.HAL_I2C_Master_Receive) refers to stm32f0xx_hal.o(i.HAL_GetTick) for HAL_GetTick
    stm32f0xx_hal_i2c.o(i.HAL_I2C_Master_Receive) refers to stm32f0xx_hal_i2c.o(i._Z26I2C_WaitOnFlagUntilTimeoutP19__I2C_HandleTypeDefj10FlagStatusjj) for I2C_WaitOnFlagUntilTimeout(__I2C_HandleTypeDef*, unsigned, FlagStatus, unsigned, unsigned)
    stm32f0xx_hal_i2c.o(i.HAL_I2C_Master_Receive) refers to stm32f0xx_hal_i2c.o(i._Z18I2C_TransferConfigP19__I2C_HandleTypeDefthjj) for I2C_TransferConfig(__I2C_HandleTypeDef*, unsigned short, unsigned char, unsigned, unsigned)
    stm32f0xx_hal_i2c.o(i.HAL_I2C_Master_Receive) refers to stm32f0xx_hal_i2c.o(i._Z30I2C_WaitOnRXNEFlagUntilTimeoutP19__I2C_HandleTypeDefjj) for I2C_WaitOnRXNEFlagUntilTimeout(__I2C_HandleTypeDef*, unsigned, unsigned)
    stm32f0xx_hal_i2c.o(i.HAL_I2C_Master_Receive) refers to stm32f0xx_hal_i2c.o(i._Z30I2C_WaitOnSTOPFlagUntilTimeoutP19__I2C_HandleTypeDefjj) for I2C_WaitOnSTOPFlagUntilTimeout(__I2C_HandleTypeDef*, unsigned, unsigned)
    stm32f0xx_hal_i2c.o(i.HAL_I2C_Master_Receive_DMA) refers to stm32f0xx_hal_dma.o(i.HAL_DMA_Start_IT) for HAL_DMA_Start_IT
    stm32f0xx_hal_i2c.o(i.HAL_I2C_Master_Receive_DMA) refers to stm32f0xx_hal_i2c.o(i._Z18I2C_TransferConfigP19__I2C_HandleTypeDefthjj) for I2C_TransferConfig(__I2C_HandleTypeDef*, unsigned short, unsigned char, unsigned, unsigned)
    stm32f0xx_hal_i2c.o(i.HAL_I2C_Master_Receive_DMA) refers to stm32f0xx_hal_i2c.o(i._Z14I2C_Enable_IRQP19__I2C_HandleTypeDeft) for I2C_Enable_IRQ(__I2C_HandleTypeDef*, unsigned short)
    stm32f0xx_hal_i2c.o(i.HAL_I2C_Master_Receive_DMA) refers to stm32f0xx_hal_i2c.o(i._Z18I2C_Master_ISR_DMAP19__I2C_HandleTypeDefjj) for I2C_Master_ISR_DMA(__I2C_HandleTypeDef*, unsigned, unsigned)
    stm32f0xx_hal_i2c.o(i.HAL_I2C_Master_Receive_DMA) refers to stm32f0xx_hal_i2c.o(i._Z24I2C_DMAMasterReceiveCpltP19__DMA_HandleTypeDef) for I2C_DMAMasterReceiveCplt(__DMA_HandleTypeDef*)
    stm32f0xx_hal_i2c.o(i.HAL_I2C_Master_Receive_DMA) refers to stm32f0xx_hal_i2c.o(i._Z12I2C_DMAErrorP19__DMA_HandleTypeDef) for I2C_DMAError(__DMA_HandleTypeDef*)
    stm32f0xx_hal_i2c.o(i.HAL_I2C_Master_Receive_DMA) refers to stm32f0xx_hal_i2c.o(i._Z17I2C_Master_ISR_ITP19__I2C_HandleTypeDefjj) for I2C_Master_ISR_IT(__I2C_HandleTypeDef*, unsigned, unsigned)
[...]
    Removing stm32f0xx_hal_tim_ex.o(i.HAL_TIMEx_OnePulseN_Stop), (76 bytes).
    Removing stm32f0xx_hal_tim_ex.o(i.HAL_TIMEx_OnePulseN_Stop_IT), (96 bytes).
    Removing stm32f0xx_hal_tim_ex.o(i.HAL_TIMEx_PWMN_Start), (38 bytes).
    Removing stm32f0xx_hal_tim_ex.o(i.HAL_TIMEx_PWMN_Start_DMA), (232 bytes).
    Removing stm32f0xx_hal_tim_ex.o(i.HAL_TIMEx_PWMN_Start_IT), (94 bytes).
    Removing stm32f0xx_hal_tim_ex.o(i.HAL_TIMEx_PWMN_Stop), (76 bytes).
    Removing stm32f0xx_hal_tim_ex.o(i.HAL_TIMEx_PWMN_Stop_DMA), (136 bytes).
    Removing stm32f0xx_hal_tim_ex.o(i.HAL_TIMEx_PWMN_Stop_IT), (136 bytes).
    Removing stm32f0xx_hal_tim_ex.o(i.HAL_TIMEx_RemapConfig), (30 bytes).
    Removing stm32f0xx_hal_tim_ex.o(i.TIMEx_DMACommutationCplt), (16 bytes).
    Removing stm32f0xx_hal_tim_ex.o(i._Z18TIM_CCxNChannelCmdP11TIM_TypeDefjj), (22 bytes).
    Removing stm32f0xx_hal_tim_ex.o(.ARM.exidx), (8 bytes).
    Removing stm32f0xx_hal_tim_ex.o(.ARM.exidx), (8 bytes).
    Removing stm32f0xx_hal_tim_ex.o(.ARM.exidx), (8 bytes).
    Removing stm32f0xx_hal_tim_ex.o(.ARM.exidx), (8 bytes).
    Removing stm32f0xx_hal_tim_ex.o(.ARM.exidx), (8 bytes).
    Removing stm32f0xx_hal_tim_ex.o(.ARM.exidx), (8 bytes).
    Removing stm32f0xx_hal_tim_ex.o(.ARM.exidx), (8 bytes).
    Removing stm32f0xx_hal_tim_ex.o(.ARM.exidx), (8 bytes).
    Removing stm32f0xx_hal_tim_ex.o(.ARM.exidx), (8 bytes).
    Removing stm32f0xx_hal_tim_ex.o(.ARM.exidx), (8 bytes).
    Removing stm32f0xx_hal_tim_ex.o(.ARM.exidx), (8 bytes).
    Removing stm32f0xx_hal_tim_ex.o(.ARM.exidx), (8 bytes).
    Removing stm32f0xx_hal_tim_ex.o(.ARM.exidx), (8 bytes).
    Removing stm32f0xx_hal_tim_ex.o(.ARM.exidx), (8 bytes).
    Removing stm32f0xx_hal_tim_ex.o(.ARM.exidx), (8 bytes).
    Removing stm32f0xx_hal_tim_ex.o(.ARM.exidx), (8 bytes).
    Removing stm32f0xx_hal_tim_ex.o(.ARM.exidx), (8 bytes).
    Removing stm32f0xx_hal_tim_ex.o(.ARM.exidx), (8 bytes).
    Removing stm32f0xx_hal_tim_ex.o(.ARM.exidx), (8 bytes).
    Removing stm32f0xx_hal_tim_ex.o(.ARM.exidx), (8 bytes).
    Removing stm32f0xx_hal_tim_ex.o(.ARM.exidx), (8 bytes).
    Removing stm32f0xx_hal_tim_ex.o(.ARM.exidx), (8 bytes).
    Removing stm32f0xx_hal_tim_ex.o(.ARM.exidx), (8 bytes).
    Removing stm32f0xx_hal_tim_ex.o(.ARM.exidx), (8 bytes).
    Removing stm32f0xx_hal_tim_ex.o(.ARM.exidx), (8 bytes).
    Removing stm32f0xx_hal_tim_ex.o(.ARM.exidx), (8 bytes).
    Removing stm32f0xx_hal_tim_ex.o(.ARM.exidx), (8 bytes).
    Removing stm32f0xx_hal_tim_ex.o(.ARM.exidx), (8 bytes).
    Removing stm32f0xx_hal_tim_ex.o(.ARM.exidx), (8 bytes).
    Removing stm32f0xx_hal_tim_ex.o(.ARM.exidx), (8 bytes).
    Removing stm32f0xx_hal_tim_ex.o(.ARM.exidx), (8 bytes).
    Removing stm32f0xx_hal_tim_ex.o(.ARM.exidx), (8 bytes).
    Removing stm32f0xx_hal_tim_ex.o(.ARM.exidx), (8 bytes).
    Removing stm32f0xx_hal_tim_ex.o(.ARM.exidx), (8 bytes).
    Removing stm32f0xx_hal_tim_ex.o(.ARM.exidx), (8 bytes).
    Removing stm32f0xx_hal_tim_ex.o(.ARM.exidx), (8 bytes).
    Removing stm32f0xx_hal_tim_ex.o(.ARM.exidx), (8 bytes).
    Removing stm32f0xx_hal_pwr.o(.rev16_text), (4 bytes).
    Removing stm32f0xx_hal_pwr.o(.revsh_text), (4 bytes).
    Removing stm32f0xx_hal_pwr.o(i.HAL_PWR_DeInit), (24 bytes).
    Removing stm32f0xx_hal_pwr.o(i.HAL_PWR_DisableBkUpAccess), (16 bytes).
    Removing stm32f0xx_hal_pwr.o(i.HAL_PWR_DisableSEVOnPend), (16 bytes).
    Removing stm32f0xx_hal_pwr.o(i.HAL_PWR_DisableSleepOnExit), (16 bytes).
    Removing stm32f0xx_hal_pwr.o(i.HAL_PWR_DisableWakeUpPin), (16 bytes).
    Removing stm32f0xx_hal_pwr.o(i.HAL_PWR_EnableBkUpAccess), (16 bytes).
    Removing stm32f0xx_hal_pwr.o(i.HAL_PWR_EnableSEVOnPend), (16 bytes).
    Removing stm32f0xx_hal_pwr.o(i.HAL_PWR_EnableSleepOnExit), (16 bytes).
    Removing stm32f0xx_hal_pwr.o(i.HAL_PWR_EnableWakeUpPin), (16 bytes).
    Removing stm32f0xx_hal_pwr.o(i.HAL_PWR_EnterSLEEPMode), (32 bytes).
    Removing stm32f0xx_hal_pwr.o(i.HAL_PWR_EnterSTANDBYMode), (32 bytes).
    Removing stm32f0xx_hal_pwr.o(i.HAL_PWR_EnterSTOPMode), (52 bytes).
    Removing stm32f0xx_hal_pwr.o(.ARM.exidx), (8 bytes).
    Removing stm32f0xx_hal_pwr.o(.ARM.exidx), (8 bytes).
    Removing stm32f0xx_hal_pwr.o(.ARM.exidx), (8 bytes).
    Removing stm32f0xx_hal_pwr.o(.ARM.exidx), (8 bytes).
    Removing stm32f0xx_hal_pwr.o(.ARM.exidx), (8 bytes).
    Removing stm32f0xx_hal_pwr.o(.ARM.exidx), (8 bytes).
    Removing stm32f0xx_hal_pwr.o(.ARM.exidx), (8 bytes).
    Removing stm32f0xx_hal_pwr.o(.ARM.exidx), (8 bytes).
    Removing stm32f0xx_hal_pwr.o(.ARM.exidx), (8 bytes).
    Removing stm32f0xx_hal_pwr.o(.ARM.exidx), (8 bytes).
    Removing stm32f0xx_hal_pwr.o(.ARM.exidx), (8 bytes).
    Removing stm32f0xx_hal_pwr.o(.ARM.exidx), (8 bytes).
    Removing stm32f0xx_hal_pwr_ex.o(.rev16_text), (4 bytes).
    Removing stm32f0xx_hal_pwr_ex.o(.revsh_text), (4 bytes).
    Removing stm32f0xx_hal_dma.o(.rev16_text), (4 bytes).
    Removing stm32f0xx_hal_dma.o(.revsh_text), (4 bytes).
    Removing stm32f0xx_hal_dma.o(i.HAL_DMA_Abort), (44 bytes).
    Removing stm32f0xx_hal_dma.o(i.HAL_DMA_DeInit), (66 bytes).
    Removing stm32f0xx_hal_dma.o(i.HAL_DMA_GetError), (4 bytes).
    Removing stm32f0xx_hal_dma.o(i.HAL_DMA_GetState), (6 bytes).
    Removing stm32f0xx_hal_dma.o(i.HAL_DMA_IRQHandler), (156 bytes).
    Removing stm32f0xx_hal_dma.o(i.HAL_DMA_Init), (88 bytes).
    Removing stm32f0xx_hal_dma.o(i.HAL_DMA_PollForTransfer), (176 bytes).
    Removing stm32f0xx_hal_dma.o(i.HAL_DMA_Start), (74 bytes).
    Removing stm32f0xx_hal_dma.o(i.HAL_DMA_Start_IT), (106 bytes).
    Removing stm32f0xx_hal_dma.o(i.HAL_DMA_UnRegisterCallback), (78 bytes).
    Removing stm32f0xx_hal_dma.o(i._Z13DMA_SetConfigP19__DMA_HandleTypeDefjjj), (40 bytes).
    Removing stm32f0xx_hal_dma.o(i._Z23DMA_CalcBaseAndBitshiftP19__DMA_HandleTypeDef), (36 bytes).
    Removing stm32f0xx_hal_dma.o(i._Z24HAL_DMA_RegisterCallbackP19__DMA_HandleTypeDef25HAL_DMA_CallbackIDTypeDefPFvS0_E), (72 bytes).
    Removing stm32f0xx_hal_dma.o(.ARM.exidx), (8 bytes).
    Removing stm32f0xx_hal_dma.o(.ARM.exidx), (8 bytes).
    Removing stm32f0xx_hal_dma.o(.ARM.exidx), (8 bytes).
    Removing stm32f0xx_hal_dma.o(.ARM.exidx), (8 bytes).
    Removing stm32f0xx_hal_dma.o(.ARM.exidx), (8 bytes).
    Removing stm32f0xx_hal_dma.o(.ARM.exidx), (8 bytes).
    Removing stm32f0xx_hal_dma.o(.ARM.exidx), (8 bytes).
    Removing stm32f0xx_hal_dma.o(.ARM.exidx), (8 bytes).
    Removing stm32f0xx_hal_dma.o(.ARM.exidx), (8 bytes).
    Removing stm32f0xx_hal_dma.o(.ARM.exidx), (8 bytes).
    Removing stm32f0xx_hal_dma.o(.ARM.exidx), (8 bytes).
    Removing stm32f0xx_hal_dma.o(.ARM.exidx), (8 bytes).
    Removing stm32f0xx_hal_dma.o(.ARM.exidx), (8 bytes).
    Removing stm32f0xx_hal_dma.o(.ARM.exidx), (8 bytes).
    Removing stm32f0xx_hal_gpio.o(.rev16_text), (4 bytes).
    Removing stm32f0xx_hal_gpio.o(.revsh_text), (4 bytes).
    Removing stm32f0xx_hal_gpio.o(i.HAL_GPIO_DeInit), (212 bytes).
    Removing stm32f0xx_hal_gpio.o(i.HAL_GPIO_EXTI_Callback), (2 bytes).
    Removing stm32f0xx_hal_gpio.o(i.HAL_GPIO_LockPin), (36 bytes).
    Removing stm32f0xx_hal_gpio.o(i.HAL_GPIO_TogglePin), (8 bytes).
    Removing stm32f0xx_hal_gpio.o(.ARM.exidx), (8 bytes).
    Removing stm32f0xx_hal_gpio.o(.ARM.exidx), (8 bytes).
    Removing stm32f0xx_hal_gpio.o(.ARM.exidx), (8 bytes).
    Removing stm32f0xx_hal_gpio.o(.ARM.exidx), (8 bytes).
    Removing stm32f0xx_hal_gpio.o(.ARM.exidx), (8 bytes).
    Removing stm32f0xx_hal_gpio.o(.ARM.exidx), (8 bytes).
    Removing stm32f0xx_hal_gpio.o(.ARM.exidx), (8 bytes).
    Removing stm32f0xx_hal_gpio.o(.ARM.exidx), (8 bytes).
    Removing stm32f0xx_hal_i2c_ex.o(.rev16_text), (4 bytes).
    Removing stm32f0xx_hal_i2c_ex.o(.revsh_text), (4 bytes).
    Removing stm32f0xx_hal_i2c_ex.o(i.HAL_I2CEx_ConfigAnalogFilter), (74 bytes).
    Removing stm32f0xx_hal_i2c_ex.o(i.HAL_I2CEx_ConfigDigitalFilter), (72 bytes).
    Removing stm32f0xx_hal_i2c_ex.o(i.HAL_I2CEx_DisableFastModePlus), (36 bytes).
    Removing stm32f0xx_hal_i2c_ex.o(i.HAL_I2CEx_EnableFastModePlus), (36 bytes).
    Removing stm32f0xx_hal_i2c_ex.o(.ARM.exidx), (8 bytes).
    Removing stm32f0xx_hal_i2c_ex.o(.ARM.exidx), (8 bytes).
    Removing stm32f0xx_hal_i2c_ex.o(.ARM.exidx), (8 bytes).
    Removing stm32f0xx_hal_i2c_ex.o(.ARM.exidx), (8 bytes).
    Removing stm32f0xx_hal_cortex.o(.rev16_text), (4 bytes).
    Removing stm32f0xx_hal_cortex.o(.revsh_text), (4 bytes).
    Removing stm32f0xx_hal_cortex.o(i.HAL_NVIC_ClearPendingIRQ), (20 bytes).
    Removing stm32f0xx_hal_cortex.o(i.HAL_NVIC_DisableIRQ), (20 bytes).
    Removing stm32f0xx_hal_cortex.o(i.HAL_NVIC_GetPendingIRQ), (28 bytes).
    Removing stm32f0xx_hal_cortex.o(i.HAL_NVIC_GetPriority), (52 bytes).
    Removing stm32f0xx_hal_cortex.o(i.HAL_NVIC_SetPendingIRQ), (20 bytes).
    Removing stm32f0xx_hal_cortex.o(i.HAL_NVIC_SystemReset), (28 bytes).
    Removing stm32f0xx_hal_cortex.o(.ARM.exidx), (8 bytes).
    Removing stm32f0xx_hal_cortex.o(.ARM.exidx), (8 bytes).
    Removing stm32f0xx_hal_cortex.o(.ARM.exidx), (8 bytes).
    Removing stm32f0xx_hal_cortex.o(.ARM.exidx), (8 bytes).
    Removing stm32f0xx_hal_cortex.o(.ARM.exidx), (8 bytes).
    Removing stm32f0xx_hal_cortex.o(.ARM.exidx), (8 bytes).
    Removing stm32f0xx_hal_cortex.o(.ARM.exidx), (8 bytes).
    Removing stm32f0xx_hal_cortex.o(.ARM.exidx), (8 bytes).
    Removing stm32f0xx_hal_cortex.o(.ARM.exidx), (8 bytes).
    Removing stm32f0xx_hal_cortex.o(.ARM.exidx), (8 bytes).
    Removing stm32f0xx_hal_cortex.o(.ARM.exidx), (8 bytes).
    Removing stm32f0xx_hal_cortex.o(.ARM.exidx), (8 bytes).
    Removing stm32f0xx_hal_cortex.o(.ARM.exidx), (8 bytes).
    Removing adc.o(.rev16_text), (4 bytes).
    Removing adc.o(.revsh_text), (4 bytes).
    Removing adc.o(i.HAL_ADC_MspDeInit), (40 bytes).
    Removing adc.o(.ARM.exidx), (8 bytes).
    Removing adc.o(.ARM.exidx), (8 bytes).
    Removing adc.o(.ARM.exidx), (8 bytes).
    Removing stm32f0xx_hal_msp.o(.rev16_text), (4 bytes).
    Removing stm32f0xx_hal_msp.o(.revsh_text), (4 bytes).
    Removing stm32f0xx_hal_msp.o(.ARM.exidx), (8 bytes).
    Removing gpio.o(.rev16_text), (4 bytes).
    Removing gpio.o(.revsh_text), (4 bytes).
    Removing gpio.o(.ARM.exidx), (8 bytes).
    Removing stm32f0xx_it.o(.rev16_text), (4 bytes).
    Removing stm32f0xx_it.o(.revsh_text), (4 bytes).
    Removing stm32f0xx_it.o(.ARM.exidx), (8 bytes).
    Removing stm32f0xx_it.o(.ARM.exidx), (8 bytes).
    Removing stm32f0xx_it.o(.ARM.exidx), (8 bytes).
    Removing stm32f0xx_it.o(.ARM.exidx), (8 bytes).
    Removing stm32f0xx_it.o(.ARM.exidx), (8 bytes).
    Removing stm32f0xx_it.o(.ARM.exidx), (8 bytes).
    Removing stm32f0xx_it.o(.ARM.exidx), (8 bytes).
    Removing stm32f0xx_it.o(.ARM.exidx), (8 bytes).
    Removing stm32f0xx_it.o(.ARM.exidx), (8 bytes).
    Removing stm32f0xx_it.o(.ARM.exidx), (8 bytes).
    Removing usart.o(.rev16_text), (4 bytes).
    Removing usart.o(.revsh_text), (4 bytes).
    Removing usart.o(i.HAL_UART_MspDeInit), (52 bytes).
    Removing usart.o(.ARM.exidx), (8 bytes).
    Removing usart.o(.ARM.exidx), (8 bytes).
    Removing usart.o(.ARM.exidx), (8 bytes).
    Removing tim.o(.rev16_text), (4 bytes).
    Removing tim.o(.revsh_text), (4 bytes).
    Removing tim.o(i.HAL_TIM_Base_MspDeInit), (124 bytes).
    Removing tim.o(.ARM.exidx), (8 bytes).
    Removing tim.o(.ARM.exidx), (8 bytes).
    Removing tim.o(.ARM.exidx), (8 bytes).
    Removing tim.o(.ARM.exidx), (8 bytes).
    Removing tim.o(.ARM.exidx), (8 bytes).
    Removing tim.o(.ARM.exidx), (8 bytes).
    Removing tim.o(.ARM.exidx), (8 bytes).
    Removing tim.o(.ARM.exidx), (8 bytes).
    Removing main.o(.rev16_text), (4 bytes).
    Removing main.o(.revsh_text), (4 bytes).
    Removing main.o(.ARM.exidx), (8 bytes).
    Removing main.o(.ARM.exidx), (8 bytes).
    Removing main.o(.ARM.exidx), (8 bytes).
    Removing main.o(.ARM.exidx), (8 bytes).
    Removing main.o(.ARM.exidx), (8 bytes).
    Removing main.o(.ARM.exidx), (8 bytes).
    Removing main.o(.ARM.exidx), (8 bytes).
    Removing motor.o(.rev16_text), (4 bytes).
    Removing motor.o(.revsh_text), (4 bytes).
    Removing motor.o(.ARM.exidx), (8 bytes).
    Removing motor.o(.ARM.exidx), (8 bytes).
    Removing motor.o(.ARM.exidx), (8 bytes).
    Removing motor.o(.ARM.exidx), (8 bytes).
    Removing motor.o(.ARM.exidx), (8 bytes).
    Removing motor.o(.ARM.exidx), (8 bytes).
    Removing motor.o(.ARM.exidx), (8 bytes).
    Removing motor.o(.ARM.exidx), (8 bytes).
    Removing motor.o(.ARM.exidx), (8 bytes).
    Removing motor.o(.ARM.exidx), (8 bytes).
    Removing motor.o(.ARM.exidx), (8 bytes).
    Removing motor.o(.ARM.exidx), (8 bytes).
    Removing motor.o(.ARM.exidx), (8 bytes).
    Removing motor.o(.ARM.exidx), (8 bytes).
    Removing motor.o(.ARM.exidx), (8 bytes).
    Removing motor.o(.ARM.exidx), (8 bytes).
    Removing motor.o(.ARM.exidx), (8 bytes).
    Removing motor.o(.ARM.exidx), (8 bytes).
    Removing motor.o(.constdata), (8 bytes).
    Removing network.o(.rev16_text), (4 bytes).
    Removing network.o(.revsh_text), (4 bytes).
    Removing network.o(.ARM.exidx), (8 bytes).
    Removing network.o(.ARM.exidx), (8 bytes).
    Removing network.o(.ARM.exidx), (8 bytes).
    Removing network.o(.ARM.exidx), (8 bytes).
    Removing network.o(.ARM.exidx), (8 bytes).
    Removing network.o(.constdata), (1 bytes).
    Removing network.o(.constdata), (1 bytes).
    Removing controller.o(.rev16_text), (4 bytes).
    Removing controller.o(.revsh_text), (4 bytes).
    Removing controller.o(.ARM.exidx), (8 bytes).
    Removing controller.o(.ARM.exidx), (8 bytes).
    Removing controller.o(.ARM.exidx), (8 bytes).
    Removing controller.o(.ARM.exidx), (8 bytes).
    Removing controller.o(.ARM.exidx), (8 bytes).
    Removing controller.o(.ARM.exidx), (8 bytes).
    Removing controller.o(.ARM.exidx), (8 bytes).
    Removing controller.o(.constdata), (4 bytes).
    Removing startup_stm32f030x6.o(HEAP), (1024 bytes).
    Removing stm32f0xx_hal_tim.o(.ARM.exidx), (8 bytes).

898 unused section(s) (total 32348 bytes) removed from the image.

==============================================================================

Image Symbol Table

    Local Symbols

    Symbol Name                              Value     Ov Type        Size  Object(Section)

    ../Drivers/STM32F0xx_HAL_Driver/Src/stm32f0xx_hal.c 0x00000000   Number         0  stm32f0xx_hal.o ABSOLUTE
    ../Drivers/STM32F0xx_HAL_Driver/Src/stm32f0xx_hal_adc.c 0x00000000   Number         0  stm32f0xx_hal_adc.o ABSOLUTE
    ../Drivers/STM32F0xx_HAL_Driver/Src/stm32f0xx_hal_adc_ex.c 0x00000000   Number         0  stm32f0xx_hal_adc_ex.o ABSOLUTE
    ../Drivers/STM32F0xx_HAL_Driver/Src/stm32f0xx_hal_cortex.c 0x00000000   Number         0  stm32f0xx_hal_cortex.o ABSOLUTE
    ../Drivers/STM32F0xx_HAL_Driver/Src/stm32f0xx_hal_dma.c 0x00000000   Number         0  stm32f0xx_hal_dma.o ABSOLUTE
    ../Drivers/STM32F0xx_HAL_Driver/Src/stm32f0xx_hal_flash.c 0x00000000   Number         0  stm32f0xx_hal_flash.o ABSOLUTE
    ../Drivers/STM32F0xx_HAL_Driver/Src/stm32f0xx_hal_flash_ex.c 0x00000000   Number         0  stm32f0xx_hal_flash_ex.o ABSOLUTE
    ../Drivers/STM32F0xx_HAL_Driver/Src/stm32f0xx_hal_gpio.c 0x00000000   Number         0  stm32f0xx_hal_gpio.o ABSOLUTE
    ../Drivers/STM32F0xx_HAL_Driver/Src/stm32f0xx_hal_i2c.c 0x00000000   Number         0  stm32f0xx_hal_i2c.o ABSOLUTE
    ../Drivers/STM32F0xx_HAL_Driver/Src/stm32f0xx_hal_i2c_ex.c 0x00000000   Number         0  stm32f0xx_hal_i2c_ex.o ABSOLUTE
    ../Drivers/STM32F0xx_HAL_Driver/Src/stm32f0xx_hal_pwr.c 0x00000000   Number         0  stm32f0xx_hal_pwr.o ABSOLUTE
    ../Drivers/STM32F0xx_HAL_Driver/Src/stm32f0xx_hal_pwr_ex.c 0x00000000   Number         0  stm32f0xx_hal_pwr_ex.o ABSOLUTE
    ../Drivers/STM32F0xx_HAL_Driver/Src/stm32f0xx_hal_rcc.c 0x00000000   Number         0  stm32f0xx_hal_rcc.o ABSOLUTE
    ../Drivers/STM32F0xx_HAL_Driver/Src/stm32f0xx_hal_rcc_ex.c 0x00000000   Number         0  stm32f0xx_hal_rcc_ex.o ABSOLUTE
    ../Drivers/STM32F0xx_HAL_Driver/Src/stm32f0xx_hal_tim.c 0x00000000   Number         0  stm32f0xx_hal_tim.o ABSOLUTE
    ../Drivers/STM32F0xx_HAL_Driver/Src/stm32f0xx_hal_tim_ex.c 0x00000000   Number         0  stm32f0xx_hal_tim_ex.o ABSOLUTE
    ../Drivers/STM32F0xx_HAL_Driver/Src/stm32f0xx_hal_uart.c 0x00000000   Number         0  stm32f0xx_hal_uart.o ABSOLUTE
    ../Drivers/STM32F0xx_HAL_Driver/Src/stm32f0xx_hal_uart_ex.c 0x00000000   Number         0  stm32f0xx_hal_uart_ex.o ABSOLUTE
    ../Src/adc.c                             0x00000000   Number         0  adc.o ABSOLUTE
    ../Src/gpio.c                            0x00000000   Number         0  gpio.o ABSOLUTE
    ../Src/stm32f0xx_hal_msp.c               0x00000000   Number         0  stm32f0xx_hal_msp.o ABSOLUTE
    ../Src/stm32f0xx_it.c                    0x00000000   Number         0  stm32f0xx_it.o ABSOLUTE
    ../Src/system_stm32f0xx.c                0x00000000   Number         0  system_stm32f0xx.o ABSOLUTE
    ../Src/tim.c                             0x00000000   Number         0  tim.o ABSOLUTE
    ../Src/usart.c                           0x00000000   Number         0  usart.o ABSOLUTE
    ../clib/microlib/division.c              0x00000000   Number         0  uidiv.o ABSOLUTE
    ../clib/microlib/init/entry.s            0x00000000   Number         0  entry9a.o ABSOLUTE
    ../clib/microlib/init/entry.s            0x00000000   Number         0  entry5.o ABSOLUTE
    ../clib/microlib/init/entry.s            0x00000000   Number         0  entry11b.o ABSOLUTE
    ../clib/microlib/init/entry.s            0x00000000   Number         0  entry11a.o ABSOLUTE
    ../clib/microlib/init/entry.s            0x00000000   Number         0  entry2.o ABSOLUTE
    ../clib/microlib/init/entry.s            0x00000000   Number         0  entry10a.o ABSOLUTE
    ../clib/microlib/init/entry.s            0x00000000   Number         0  entry9b.o ABSOLUTE
    ../clib/microlib/init/entry.s            0x00000000   Number         0  entry.o ABSOLUTE
    ../clib/microlib/init/entry.s            0x00000000   Number         0  entry10b.o ABSOLUTE
    ../clib/microlib/init/entry.s            0x00000000   Number         0  entry7a.o ABSOLUTE
    ../clib/microlib/init/entry.s            0x00000000   Number         0  entry7b.o ABSOLUTE
    ../clib/microlib/init/entry.s            0x00000000   Number         0  entry8a.o ABSOLUTE
    ../clib/microlib/init/entry.s            0x00000000   Number         0  entry8b.o ABSOLUTE
    ../clib/microlib/longlong.c              0x00000000   Number         0  llsshr.o ABSOLUTE
    ../clib/microlib/longlong.c              0x00000000   Number         0  llshl.o ABSOLUTE
    ../clib/microlib/longlong.c              0x00000000   Number         0  llushr.o ABSOLUTE
    ../clib/microlib/stubs.s                 0x00000000   Number         0  iusefp.o ABSOLUTE
    ../fplib/microlib/fpadd.c                0x00000000   Number         0  dadd.o ABSOLUTE
    ../fplib/microlib/fpadd.c                0x00000000   Number         0  fadd.o ABSOLUTE
    ../fplib/microlib/fpdiv.c                0x00000000   Number         0  ddiv.o ABSOLUTE
    ../fplib/microlib/fpepilogue.c           0x00000000   Number         0  depilogue.o ABSOLUTE
    ../fplib/microlib/fpepilogue.c           0x00000000   Number         0  fepilogue.o ABSOLUTE
    ../fplib/microlib/fpfix.c                0x00000000   Number         0  dfixi.o ABSOLUTE
    ../fplib/microlib/fpfix.c                0x00000000   Number         0  ffixi.o ABSOLUTE
    ../fplib/microlib/fpflt.c                0x00000000   Number         0  dfltui.o ABSOLUTE
    ../fplib/microlib/fpflt.c                0x00000000   Number         0  ffltui.o ABSOLUTE
    ../fplib/microlib/fpflt.c                0x00000000   Number         0  fflti.o ABSOLUTE
    ../fplib/microlib/fpmul.c                0x00000000   Number         0  fmul.o ABSOLUTE
    ../fplib/microlib/fpmul.c                0x00000000   Number         0  dmul.o ABSOLUTE
    ../fplib/microlib/fpscalb.c              0x00000000   Number         0  dscalb.o ABSOLUTE
    ..\Drivers\STM32F0xx_HAL_Driver\Src\stm32f0xx_hal.c 0x00000000   Number         0  stm32f0xx_hal.o ABSOLUTE
    ..\Drivers\STM32F0xx_HAL_Driver\Src\stm32f0xx_hal_adc.c 0x00000000   Number         0  stm32f0xx_hal_adc.o ABSOLUTE
    ..\Drivers\STM32F0xx_HAL_Driver\Src\stm32f0xx_hal_adc_ex.c 0x00000000   Number         0  stm32f0xx_hal_adc_ex.o ABSOLUTE
    ..\Drivers\STM32F0xx_HAL_Driver\Src\stm32f0xx_hal_cortex.c 0x00000000   Number         0  stm32f0xx_hal_cortex.o ABSOLUTE
    ..\Drivers\STM32F0xx_HAL_Driver\Src\stm32f0xx_hal_dma.c 0x00000000   Number         0  stm32f0xx_hal_dma.o ABSOLUTE
    ..\Drivers\STM32F0xx_HAL_Driver\Src\stm32f0xx_hal_flash.c 0x00000000   Number         0  stm32f0xx_hal_flash.o ABSOLUTE
    ..\Drivers\STM32F0xx_HAL_Driver\Src\stm32f0xx_hal_flash_ex.c 0x00000000   Number         0  stm32f0xx_hal_flash_ex.o ABSOLUTE
    ..\Drivers\STM32F0xx_HAL_Driver\Src\stm32f0xx_hal_gpio.c 0x00000000   Number         0  stm32f0xx_hal_gpio.o ABSOLUTE
    ..\Drivers\STM32F0xx_HAL_Driver\Src\stm32f0xx_hal_i2c.c 0x00000000   Number         0  stm32f0xx_hal_i2c.o ABSOLUTE
    ..\Drivers\STM32F0xx_HAL_Driver\Src\stm32f0xx_hal_i2c_ex.c 0x00000000   Number         0  stm32f0xx_hal_i2c_ex.o ABSOLUTE
    ..\Drivers\STM32F0xx_HAL_Driver\Src\stm32f0xx_hal_pwr.c 0x00000000   Number         0  stm32f0xx_hal_pwr.o ABSOLUTE
    ..\Drivers\STM32F0xx_HAL_Driver\Src\stm32f0xx_hal_pwr_ex.c 0x00000000   Number         0  stm32f0xx_hal_pwr_ex.o ABSOLUTE
    ..\Drivers\STM32F0xx_HAL_Driver\Src\stm32f0xx_hal_rcc.c 0x00000000   Number         0  stm32f0xx_hal_rcc.o ABSOLUTE
    ..\Drivers\STM32F0xx_HAL_Driver\Src\stm32f0xx_hal_rcc_ex.c 0x00000000   Number         0  stm32f0xx_hal_rcc_ex.o ABSOLUTE
    ..\Drivers\STM32F0xx_HAL_Driver\Src\stm32f0xx_hal_tim.c 0x00000000   Number         0  stm32f0xx_hal_tim.o ABSOLUTE
    ..\Drivers\STM32F0xx_HAL_Driver\Src\stm32f0xx_hal_tim_ex.c 0x00000000   Number         0  stm32f0xx_hal_tim_ex.o ABSOLUTE
    ..\Drivers\STM32F0xx_HAL_Driver\Src\stm32f0xx_hal_uart.c 0x00000000   Number         0  stm32f0xx_hal_uart.o ABSOLUTE
    ..\Drivers\STM32F0xx_HAL_Driver\Src\stm32f0xx_hal_uart_ex.c 0x00000000   Number         0  stm32f0xx_hal_uart_ex.o ABSOLUTE
    ..\Src\Controller.cpp                    0x00000000   Number         0  controller.o ABSOLUTE
    ..\Src\Motor.cpp                         0x00000000   Number         0  motor.o ABSOLUTE
    ..\Src\Network.cpp                       0x00000000   Number         0  network.o ABSOLUTE
    ..\Src\adc.c                             0x00000000   Number         0  adc.o ABSOLUTE
    ..\Src\gpio.c                            0x00000000   Number         0  gpio.o ABSOLUTE
    ..\Src\main.cpp                          0x00000000   Number         0  main.o ABSOLUTE
    ..\Src\stm32f0xx_hal_msp.c               0x00000000   Number         0  stm32f0xx_hal_msp.o ABSOLUTE
    ..\Src\stm32f0xx_it.c                    0x00000000   Number         0  stm32f0xx_it.o ABSOLUTE
    ..\Src\system_stm32f0xx.c                0x00000000   Number         0  system_stm32f0xx.o ABSOLUTE
    ..\Src\tim.c                             0x00000000   Number         0  tim.o ABSOLUTE
    ..\Src\usart.c                           0x00000000   Number         0  usart.o ABSOLUTE
    ..\\Src\\Controller.cpp                  0x00000000   Number         0  controller.o ABSOLUTE
    ..\\Src\\Motor.cpp                       0x00000000   Number         0  motor.o ABSOLUTE
    ..\\Src\\Network.cpp                     0x00000000   Number         0  network.o ABSOLUTE
    ..\\Src\\main.cpp                        0x00000000   Number         0  main.o ABSOLUTE
    cdcmple.s                                0x00000000   Number         0  cdcmple.o ABSOLUTE
    cdrcmple.s                               0x00000000   Number         0  cdrcmple.o ABSOLUTE
    dc.s                                     0x00000000   Number         0  dc.o ABSOLUTE
    handlers.s                               0x00000000   Number         0  handlers.o ABSOLUTE
    init.s                                   0x00000000   Number         0  init.o ABSOLUTE
    startup_stm32f030x6.s                    0x00000000   Number         0  startup_stm32f030x6.o ABSOLUTE
    RESET                                    0x08000000   Section      176  startup_stm32f030x6.o(RESET)
    .ARM.Collect$$$$00000000                 0x080000b0   Section        0  entry.o(.ARM.Collect$$$$00000000)
    .ARM.Collect$$$$00000001                 0x080000b0   Section        4  entry2.o(.ARM.Collect$$$$00000001)
    .ARM.Collect$$$$00000004                 0x080000b4   Section        4  entry5.o(.ARM.Collect$$$$00000004)
    .ARM.Collect$$$$00000008                 0x080000b8   Section        0  entry7b.o(.ARM.Collect$$$$00000008)
    .ARM.Collect$$$$0000000A                 0x080000b8   Section        0  entry8b.o(.ARM.Collect$$$$0000000A)
    .ARM.Collect$$$$0000000B                 0x080000b8   Section        8  entry9a.o(.ARM.Collect$$$$0000000B)
    .ARM.Collect$$$$0000000D                 0x080000c0   Section        0  entry10a.o(.ARM.Collect$$$$0000000D)
    .ARM.Collect$$$$0000000F                 0x080000c0   Section        0  entry11a.o(.ARM.Collect$$$$0000000F)
    .ARM.Collect$$$$00002712                 0x080000c0   Section        4  entry2.o(.ARM.Collect$$$$00002712)
    __lit__00000000                          0x080000c0   Data           4  entry2.o(.ARM.Collect$$$$00002712)
    .text                                    0x080000c4   Section       28  startup_stm32f030x6.o(.text)
    .text                                    0x080000e0   Section        0  uidiv.o(.text)
    .text                                    0x0800010c   Section        0  llushr.o(.text)
    .text                                    0x0800012e   Section        0  fadd.o(.text)
    .text                                    0x080001e0   Section        0  fmul.o(.text)
    .text                                    0x0800025c   Section        0  dadd.o(.text)
    .text                                    0x080003c0   Section        0  dmul.o(.text)
    .text                                    0x08000490   Section        0  ddiv.o(.text)
    .text                                    0x08000580   Section        0  dscalb.o(.text)
    .text                                    0x080005ac   Section        0  fflti.o(.text)
    .text                                    0x080005c2   Section        0  ffltui.o(.text)
    .text                                    0x080005d0   Section        0  dfltui.o(.text)
    .text                                    0x080005ec   Section        0  ffixi.o(.text)
    .text                                    0x08000620   Section        0  dfixi.o(.text)
    .text                                    0x08000668   Section       40  cdcmple.o(.text)
    .text                                    0x08000690   Section       40  cdrcmple.o(.text)
    .text                                    0x080006b8   Section        0  llshl.o(.text)
    .text                                    0x080006d8   Section        0  llsshr.o(.text)
    .text                                    0x080006fe   Section        0  fepilogue.o(.text)
    .text                                    0x080006fe   Section        0  iusefp.o(.text)
    .text                                    0x08000780   Section        0  depilogue.o(.text)
    .text                                    0x08000840   Section       36  init.o(.text)
    i.EXTI4_15_IRQHandler                    0x08000864   Section        0  stm32f0xx_it.o(i.EXTI4_15_IRQHandler)
    i.HAL_ADC_ConfigChannel                  0x0800087c   Section        0  stm32f0xx_hal_adc.o(i.HAL_ADC_ConfigChannel)
    i.HAL_ADC_Init                           0x0800098c   Section        0  stm32f0xx_hal_adc.o(i.HAL_ADC_Init)
    i.HAL_ADC_MspInit                        0x08000b00   Section        0  adc.o(i.HAL_ADC_MspInit)
    i.HAL_DMA_Abort_IT                       0x08000b3c   Section        0  stm32f0xx_hal_dma.o(i.HAL_DMA_Abort_IT)
    i.HAL_GPIO_EXTI_Callback                 0x08000b84   Section        0  main.o(i.HAL_GPIO_EXTI_Callback)
    i.HAL_GPIO_EXTI_IRQHandler               0x08000b94   Section        0  stm32f0xx_hal_gpio.o(i.HAL_GPIO_EXTI_IRQHandler)
    i.HAL_GPIO_Init                          0x08000bac   Section        0  stm32f0xx_hal_gpio.o(i.HAL_GPIO_Init)
    i.HAL_GPIO_ReadPin                       0x08000cf4   Section        0  stm32f0xx_hal_gpio.o(i.HAL_GPIO_ReadPin)
    i.HAL_GPIO_WritePin                      0x08000cfe   Section        0  stm32f0xx_hal_gpio.o(i.HAL_GPIO_WritePin)
    i.HAL_GetTick                            0x08000d0c   Section        0  stm32f0xx_hal.o(i.HAL_GetTick)
    i.HAL_IncTick                            0x08000d18   Section        0  stm32f0xx_hal.o(i.HAL_IncTick)
    i.HAL_Init                               0x08000d28   Section        0  stm32f0xx_hal.o(i.HAL_Init)
    i.HAL_InitTick                           0x08000d48   Section        0  stm32f0xx_hal.o(i.HAL_InitTick)
    i.HAL_MspInit                            0x08000d6c   Section        0  stm32f0xx_hal_msp.o(i.HAL_MspInit)
    i.HAL_NVIC_EnableIRQ                     0x08000da4   Section        0  stm32f0xx_hal_cortex.o(i.HAL_NVIC_EnableIRQ)
    i.HAL_NVIC_SetPriority                   0x08000db8   Section        0  stm32f0xx_hal_cortex.o(i.HAL_NVIC_SetPriority)
    i.HAL_RCCEx_PeriphCLKConfig              0x08000dc0   Section        0  stm32f0xx_hal_rcc_ex.o(i.HAL_RCCEx_PeriphCLKConfig)
    i.HAL_RCC_ClockConfig                    0x08000ea8   Section        0  stm32f0xx_hal_rcc.o(i.HAL_RCC_ClockConfig)
    i.HAL_RCC_GetHCLKFreq                    0x08000fd4   Section        0  stm32f0xx_hal_rcc.o(i.HAL_RCC_GetHCLKFreq)
    i.HAL_RCC_GetPCLK1Freq                   0x08000fe0   Section        0  stm32f0xx_hal_rcc.o(i.HAL_RCC_GetPCLK1Freq)
    i.HAL_RCC_GetSysClockFreq                0x08001000   Section        0  stm32f0xx_hal_rcc.o(i.HAL_RCC_GetSysClockFreq)
    i.HAL_RCC_OscConfig                      0x0800107c   Section        0  stm32f0xx_hal_rcc.o(i.HAL_RCC_OscConfig)
    i.HAL_SYSTICK_CLKSourceConfig            0x080013d0   Section        0  stm32f0xx_hal_cortex.o(i.HAL_SYSTICK_CLKSourceConfig)
    i.HAL_SYSTICK_Callback                   0x080013e8   Section        0  stm32f0xx_hal_cortex.o(i.HAL_SYSTICK_Callback)
    i.HAL_SYSTICK_Config                     0x080013ec   Section        0  stm32f0xx_hal_cortex.o(i.HAL_SYSTICK_Config)
    i.HAL_SYSTICK_IRQHandler                 0x0800141c   Section        0  stm32f0xx_hal_cortex.o(i.HAL_SYSTICK_IRQHandler)
    i.HAL_TIMEx_BreakCallback                0x08001424   Section        0  stm32f0xx_hal_tim_ex.o(i.HAL_TIMEx_BreakCallback)
    i.HAL_TIMEx_CommutationCallback          0x08001426   Section        0  stm32f0xx_hal_tim_ex.o(i.HAL_TIMEx_CommutationCallback)
    i.HAL_TIMEx_ConfigBreakDeadTime          0x08001428   Section        0  stm32f0xx_hal_tim_ex.o(i.HAL_TIMEx_ConfigBreakDeadTime)
    i.HAL_TIMEx_MasterConfigSynchronization  0x08001488   Section        0  stm32f0xx_hal_tim_ex.o(i.HAL_TIMEx_MasterConfigSynchronization)
    i.HAL_TIM_Base_Init                      0x080014d0   Section        0  stm32f0xx_hal_tim.o(i.HAL_TIM_Base_Init)
    i.HAL_TIM_Base_MspInit                   0x08001504   Section        0  tim.o(i.HAL_TIM_Base_MspInit)
    i.HAL_TIM_Base_Start                     0x080015b8   Section        0  stm32f0xx_hal_tim.o(i.HAL_TIM_Base_Start)
    i.HAL_TIM_Base_Start_IT                  0x080015d0   Section        0  stm32f0xx_hal_tim.o(i.HAL_TIM_Base_Start_IT)
    i.HAL_TIM_ConfigClockSource              0x080015e6   Section        0  stm32f0xx_hal_tim.o(i.HAL_TIM_ConfigClockSource)
    i.HAL_TIM_IC_CaptureCallback             0x080016d4   Section        0  stm32f0xx_hal_tim.o(i.HAL_TIM_IC_CaptureCallback)
    i.HAL_TIM_IRQHandler                     0x080016d6   Section        0  stm32f0xx_hal_tim.o(i.HAL_TIM_IRQHandler)
    i.HAL_TIM_MspPostInit                    0x08001838   Section        0  tim.o(i.HAL_TIM_MspPostInit)
    i.HAL_TIM_OC_DelayElapsedCallback        0x0800188c   Section        0  stm32f0xx_hal_tim.o(i.HAL_TIM_OC_DelayElapsedCallback)
    i.HAL_TIM_PWM_ConfigChannel              0x0800188e   Section        0  stm32f0xx_hal_tim.o(i.HAL_TIM_PWM_ConfigChannel)
    i.HAL_TIM_PWM_Init                       0x0800195e   Section        0  stm32f0xx_hal_tim.o(i.HAL_TIM_PWM_Init)
    i.HAL_TIM_PWM_MspInit                    0x08001992   Section        0  stm32f0xx_hal_tim.o(i.HAL_TIM_PWM_MspInit)
    i.HAL_TIM_PWM_PulseFinishedCallback      0x08001994   Section        0  stm32f0xx_hal_tim.o(i.HAL_TIM_PWM_PulseFinishedCallback)
    i.HAL_TIM_PWM_Start                      0x08001998   Section        0  stm32f0xx_hal_tim.o(i.HAL_TIM_PWM_Start)
    i.HAL_TIM_PeriodElapsedCallback          0x080019dc   Section        0  main.o(i.HAL_TIM_PeriodElapsedCallback)
    i.HAL_TIM_TriggerCallback                0x08001a04   Section        0  stm32f0xx_hal_tim.o(i.HAL_TIM_TriggerCallback)
    i.HAL_UART_ErrorCallback                 0x08001a06   Section        0  stm32f0xx_hal_uart.o(i.HAL_UART_ErrorCallback)
    i.HAL_UART_IRQHandler                    0x08001a08   Section        0  stm32f0xx_hal_uart.o(i.HAL_UART_IRQHandler)
    i.HAL_UART_Init                          0x08001b1c   Section        0  stm32f0xx_hal_uart.o(i.HAL_UART_Init)
    i.HAL_UART_MspInit                       0x08001b88   Section        0  usart.o(i.HAL_UART_MspInit)
    i.HAL_UART_Receive_IT                    0x08001be4   Section        0  stm32f0xx_hal_uart.o(i.HAL_UART_Receive_IT)
    i.HAL_UART_RxCpltCallback                0x08001c6c   Section        0  main.o(i.HAL_UART_RxCpltCallback)
    i.HAL_UART_Transmit_IT                   0x08001ca0   Section        0  stm32f0xx_hal_uart.o(i.HAL_UART_Transmit_IT)
    i.HAL_UART_TxCpltCallback                0x08001cf8   Section        0  main.o(i.HAL_UART_TxCpltCallback)
    i.HardFault_Handler                      0x08001d08   Section        0  stm32f0xx_it.o(i.HardFault_Handler)
    i.MX_ADC_Init                            0x08001d0c   Section        0  adc.o(i.MX_ADC_Init)
    i.MX_GPIO_Init                           0x08001d98   Section        0  gpio.o(i.MX_GPIO_Init)
    i.MX_TIM14_Init                          0x08001e68   Section        0  tim.o(i.MX_TIM14_Init)
    i.MX_TIM16_Init                          0x08001eb0   Section        0  tim.o(i.MX_TIM16_Init)
    i.MX_TIM17_Init                          0x08001ef8   Section        0  tim.o(i.MX_TIM17_Init)
    i.MX_TIM1_Init                           0x08001f40   Section        0  tim.o(i.MX_TIM1_Init)
    i.MX_TIM3_Init                           0x08002064   Section        0  tim.o(i.MX_TIM3_Init)
    i.MX_USART1_UART_Init                    0x0800212c   Section        0  usart.o(i.MX_USART1_UART_Init)
    i.NMI_Handler                            0x08002184   Section        0  stm32f0xx_it.o(i.NMI_Handler)
    i.PendSV_Handler                         0x08002186   Section        0  stm32f0xx_it.o(i.PendSV_Handler)
    i.SVC_Handler                            0x08002188   Section        0  stm32f0xx_it.o(i.SVC_Handler)
    i.SysTick_Handler                        0x0800218a   Section        0  stm32f0xx_it.o(i.SysTick_Handler)
    i.SystemInit                             0x08002198   Section        0  system_stm32f0xx.o(i.SystemInit)
    i.TIM14_IRQHandler                       0x080021f4   Section        0  stm32f0xx_it.o(i.TIM14_IRQHandler)
    i.TIM16_IRQHandler                       0x08002204   Section        0  stm32f0xx_it.o(i.TIM16_IRQHandler)
    i.TIM17_IRQHandler                       0x08002214   Section        0  stm32f0xx_it.o(i.TIM17_IRQHandler)
    i.TIM_Base_SetConfig                     0x08002224   Section        0  stm32f0xx_hal_tim.o(i.TIM_Base_SetConfig)
    i.TIM_CCxChannelCmd                      0x0800229c   Section        0  stm32f0xx_hal_tim.o(i.TIM_CCxChannelCmd)
    i.TIM_ETR_SetConfig                      0x080022b2   Section        0  stm32f0xx_hal_tim.o(i.TIM_ETR_SetConfig)
    i.TIM_OC2_SetConfig                      0x080022c8   Section        0  stm32f0xx_hal_tim.o(i.TIM_OC2_SetConfig)
    i.UART_AdvFeatureConfig                  0x0800233c   Section        0  stm32f0xx_hal_uart.o(i.UART_AdvFeatureConfig)
    i.UART_CheckIdleState                    0x08002406   Section        0  stm32f0xx_hal_uart.o(i.UART_CheckIdleState)
    i.UART_EndTransmit_IT                    0x08002418   Section        0  stm32f0xx_hal_uart.o(i.UART_EndTransmit_IT)
    i.UART_Receive_IT                        0x08002432   Section        0  stm32f0xx_hal_uart.o(i.UART_Receive_IT)
    i.UART_SetConfig                         0x080024ac   Section        0  stm32f0xx_hal_uart.o(i.UART_SetConfig)
    i.UART_Transmit_IT                       0x080025c8   Section        0  stm32f0xx_hal_uart.o(i.UART_Transmit_IT)
    i.USART1_IRQHandler                      0x08002630   Section        0  stm32f0xx_it.o(i.USART1_IRQHandler)
    i._Error_Handler                         0x08002640   Section        0  main.o(i._Error_Handler)
    i._Z16NVIC_SetPriority9IRQn_Typej        0x08002644   Section        0  stm32f0xx_hal_cortex.o(i._Z16NVIC_SetPriority9IRQn_Typej)
    NVIC_SetPriority(IRQn_Type, unsigned)    0x08002645   Thumb Code    60  stm32f0xx_hal_cortex.o(i._Z16NVIC_SetPriority9IRQn_Typej)
    i._Z17TIM_OC1_SetConfigP11TIM_TypeDefP18TIM_OC_InitTypeDef 0x08002688   Section        0  stm32f0xx_hal_tim.o(i._Z17TIM_OC1_SetConfigP11TIM_TypeDefP18TIM_OC_InitTypeDef)
    TIM_OC1_SetConfig(TIM_TypeDef*, TIM_OC_InitTypeDef*) 0x08002689   Thumb Code   108  stm32f0xx_hal_tim.o(i._Z17TIM_OC1_SetConfigP11TIM_TypeDefP18TIM_OC_InitTypeDef)
    i._Z17TIM_OC3_SetConfigP11TIM_TypeDefP18TIM_OC_InitTypeDef 0x08002700   Section        0  stm32f0xx_hal_tim.o(i._Z17TIM_OC3_SetConfigP11TIM_TypeDefP18TIM_OC_InitTypeDef)
    TIM_OC3_SetConfig(TIM_TypeDef*, TIM_OC_InitTypeDef*) 0x08002701   Thumb Code   106  stm32f0xx_hal_tim.o(i._Z17TIM_OC3_SetConfigP11TIM_TypeDefP18TIM_OC_InitTypeDef)
    i._Z17TIM_OC4_SetConfigP11TIM_TypeDefP18TIM_OC_InitTypeDef 0x08002778   Section        0  stm32f0xx_hal_tim.o(i._Z17TIM_OC4_SetConfigP11TIM_TypeDefP18TIM_OC_InitTypeDef)
    TIM_OC4_SetConfig(TIM_TypeDef*, TIM_OC_InitTypeDef*) 0x08002779   Thumb Code    84  stm32f0xx_hal_tim.o(i._Z17TIM_OC4_SetConfigP11TIM_TypeDefP18TIM_OC_InitTypeDef)
    i._Z18SystemClock_Configv                0x080027d8   Section        0  main.o(i._Z18SystemClock_Configv)
    i._Z18TIM_ITRx_SetConfigP11TIM_TypeDeft  0x08002854   Section        0  stm32f0xx_hal_tim.o(i._Z18TIM_ITRx_SetConfigP11TIM_TypeDeft)
    TIM_ITRx_SetConfig(TIM_TypeDef*, unsigned short) 0x08002855   Thumb Code    16  stm32f0xx_hal_tim.o(i._Z18TIM_ITRx_SetConfigP11TIM_TypeDeft)
    i._Z18UART_EndRxTransferP18UART_HandleTypeDef 0x08002864   Section        0  stm32f0xx_hal_uart.o(i._Z18UART_EndRxTransferP18UART_HandleTypeDef)
    UART_EndRxTransfer(UART_HandleTypeDef*)  0x08002865   Thumb Code    30  stm32f0xx_hal_uart.o(i._Z18UART_EndRxTransferP18UART_HandleTypeDef)
    i._Z20UART_DMAAbortOnErrorP19__DMA_HandleTypeDef 0x08002882   Section        0  stm32f0xx_hal_uart.o(i._Z20UART_DMAAbortOnErrorP19__DMA_HandleTypeDef)
    UART_DMAAbortOnError(__DMA_HandleTypeDef*) 0x08002883   Thumb Code    20  stm32f0xx_hal_uart.o(i._Z20UART_DMAAbortOnErrorP19__DMA_HandleTypeDef)
    i._Z24TIM_TI1_ConfigInputStageP11TIM_TypeDefjj 0x08002896   Section        0  stm32f0xx_hal_tim.o(i._Z24TIM_TI1_ConfigInputStageP11TIM_TypeDefjj)
    TIM_TI1_ConfigInputStage(TIM_TypeDef*, unsigned, unsigned) 0x08002897   Thumb Code    34  stm32f0xx_hal_tim.o(i._Z24TIM_TI1_ConfigInputStageP11TIM_TypeDefjj)
    i._Z24TIM_TI2_ConfigInputStageP11TIM_TypeDefjj 0x080028b8   Section        0  stm32f0xx_hal_tim.o(i._Z24TIM_TI2_ConfigInputStageP11TIM_TypeDefjj)
    TIM_TI2_ConfigInputStage(TIM_TypeDef*, unsigned, unsigned) 0x080028b9   Thumb Code    38  stm32f0xx_hal_tim.o(i._Z24TIM_TI2_ConfigInputStageP11TIM_TypeDefjj)
    i._ZN10Controller11Calculate_IEv         0x080028e0   Section        0  controller.o(i._ZN10Controller11Calculate_IEv)
    i._ZN10Controller13Calculate_PWMEv       0x0800292c   Section        0  controller.o(i._ZN10Controller13Calculate_PWMEv)
    i._ZN10Controller15Calculate_ErrorEv     0x08002970   Section        0  controller.o(i._ZN10Controller15Calculate_ErrorEv)
    i._ZN10Controller16Set_MommentomRPMEs    0x080029b4   Section        0  controller.o(i._ZN10Controller16Set_MommentomRPMEs)
    i._ZN10Controller4InitEv                 0x080029c0   Section        0  controller.o(i._ZN10Controller4InitEv)
    i._ZN10Controller7Get_PWMEv              0x08002a2c   Section        0  controller.o(i._ZN10Controller7Get_PWMEv)
    i._ZN10Controller7Set_RPMEs              0x08002a7c   Section        0  controller.o(i._ZN10Controller7Set_RPMEs)
    i._ZN5Motor10Free_WheelEv                0x08002aa8   Section        0  motor.o(i._ZN5Motor10Free_WheelEv)
    i._ZN5Motor11Check_SpeedEv               0x08002ae8   Section        0  motor.o(i._ZN5Motor11Check_SpeedEv)
    i._ZN5Motor11Hal_ChangedEv               0x08002b80   Section        0  motor.o(i._ZN5Motor11Hal_ChangedEv)
    i._ZN5Motor11Time_PassedEb               0x08002bb0   Section        0  motor.o(i._ZN5Motor11Time_PassedEb)
    i._ZN5Motor12Start_TimersEv              0x08002c24   Section        0  motor.o(i._ZN5Motor12Start_TimersEv)
    i._ZN5Motor13Set_DirectionEv             0x08002c80   Section        0  motor.o(i._ZN5Motor13Set_DirectionEv)
    i._ZN5Motor13Set_DutyCycleEhh            0x08002cb8   Section        0  motor.o(i._ZN5Motor13Set_DutyCycleEhh)
    i._ZN5Motor14Anti_ClockwiseEv            0x08002cf0   Section        0  motor.o(i._ZN5Motor14Anti_ClockwiseEv)
    i._ZN5Motor14Init_ClockwiseEv            0x08002e04   Section        0  motor.o(i._ZN5Motor14Init_ClockwiseEv)
    i._ZN5Motor15Get_MomentomRPMEv           0x08002e5c   Section        0  motor.o(i._ZN5Motor15Get_MomentomRPMEv)
    i._ZN5Motor19Init_Anti_ClockwiseEv       0x08002e68   Section        0  motor.o(i._ZN5Motor19Init_Anti_ClockwiseEv)
    i._ZN5Motor4InitEb                       0x08002ec0   Section        0  motor.o(i._ZN5Motor4InitEb)
    i._ZN5Motor7Set_PWMEi                    0x08002ef0   Section        0  motor.o(i._ZN5Motor7Set_PWMEi)
    i._ZN5Motor8Read_HalEv                   0x08002f00   Section        0  motor.o(i._ZN5Motor8Read_HalEv)
    i._ZN5Motor8Show_HalEv                   0x08002f48   Section        0  motor.o(i._ZN5Motor8Show_HalEv)
    i._ZN5Motor9CalculateEv                  0x08002f78   Section        0  motor.o(i._ZN5Motor9CalculateEv)
    i._ZN5Motor9ClockwiseEv                  0x08003060   Section        0  motor.o(i._ZN5Motor9ClockwiseEv)
    i._ZN5Motor9State_HalEb                  0x08003174   Section        0  motor.o(i._ZN5Motor9State_HalEb)
    i._ZN7Network13Receive_EndedEv           0x08003190   Section        0  network.o(i._ZN7Network13Receive_EndedEv)
    i._ZN7Network14Transmit_EndedEv          0x080031d8   Section        0  network.o(i._ZN7Network14Transmit_EndedEv)
    i._ZN7Network4InitEv                     0x080031f0   Section        0  network.o(i._ZN7Network4InitEv)
    i._ZN7Network7Set_RPMEs                  0x08003208   Section        0  network.o(i._ZN7Network7Set_RPMEs)
    i._ZN7Network9Read_SRPMEv                0x08003214   Section        0  network.o(i._ZN7Network9Read_SRPMEv)
    i.__ARM_clz                              0x08003220   Section        0  depilogue.o(i.__ARM_clz)
    i.__ARM_common_switch8                   0x0800324e   Section        0  stm32f0xx_hal_tim.o(i.__ARM_common_switch8)
    i.__scatterload_copy                     0x08003268   Section       14  handlers.o(i.__scatterload_copy)
    i.__scatterload_null                     0x08003276   Section        2  handlers.o(i.__scatterload_null)
    i.__scatterload_zeroinit                 0x08003278   Section       14  handlers.o(i.__scatterload_zeroinit)
    i.main                                   0x08003288   Section        0  main.o(i.main)
    .constdata                               0x080032f4   Section       16  system_stm32f0xx.o(.constdata)
    .constdata                               0x08003304   Section        8  system_stm32f0xx.o(.constdata)
    .data                                    0x20000000   Section        4  system_stm32f0xx.o(.data)
    .data                                    0x20000004   Section        4  stm32f0xx_hal.o(.data)
    .data                                    0x20000008   Section        3  main.o(.data)
    motor                                    0x20000008   Data           1  main.o(.data)
    network                                  0x20000009   Data           1  main.o(.data)
    controller                               0x2000000a   Data           1  main.o(.data)
    .data                                    0x20000010   Section       48  motor.o(.data)
    .data                                    0x20000040   Section       12  network.o(.data)
    .data                                    0x2000004c   Section       12  controller.o(.data)
    .bss                                     0x20000058   Section       76  adc.o(.bss)
    .bss                                     0x200000a4   Section      112  usart.o(.bss)
    .bss                                     0x20000114   Section      320  tim.o(.bss)
    .bss                                     0x20000254   Section       96  motor.o(.bss)
    .bss                                     0x200002b4   Section       84  controller.o(.bss)
    STACK                                    0x20000308   Section     2048  startup_stm32f030x6.o(STACK)

    Global Symbols

    Symbol Name                              Value     Ov Type        Size  Object(Section)

    BuildAttributes$$THM_ISAv3M$S$PE$A:L22$X:L11$S22$IEEE1$IW$USESV6$~STKCKD$USESV7$~SHL$OTIME$ROPI$EBA8$MICROLIB$REQ8$PRES8$EABIv2 0x00000000   Number         0  anon$$obj.o ABSOLUTE
    __ARM_use_no_argv                        0x00000000   Number         0  main.o ABSOLUTE
    __cpp_initialize__aeabi_                  - Undefined Weak Reference
    __cxa_finalize                            - Undefined Weak Reference
    __decompress                              - Undefined Weak Reference
    _clock_init                               - Undefined Weak Reference
    _microlib_exit                            - Undefined Weak Reference
    __Vectors_Size                           0x000000b0   Number         0  startup_stm32f030x6.o ABSOLUTE
    __Vectors                                0x08000000   Data           4  startup_stm32f030x6.o(RESET)
    __Vectors_End                            0x080000b0   Data           0  startup_stm32f030x6.o(RESET)
    __main                                   0x080000b1   Thumb Code     0  entry.o(.ARM.Collect$$$$00000000)
    _main_stk                                0x080000b1   Thumb Code     0  entry2.o(.ARM.Collect$$$$00000001)
    _main_scatterload                        0x080000b5   Thumb Code     0  entry5.o(.ARM.Collect$$$$00000004)
    __main_after_scatterload                 0x080000b9   Thumb Code     0  entry5.o(.ARM.Collect$$$$00000004)
    _main_clock                              0x080000b9   Thumb Code     0  entry7b.o(.ARM.Collect$$$$00000008)
    _main_cpp_init                           0x080000b9   Thumb Code     0  entry8b.o(.ARM.Collect$$$$0000000A)
    _main_init                               0x080000b9   Thumb Code     0  entry9a.o(.ARM.Collect$$$$0000000B)
    __rt_final_cpp                           0x080000c1   Thumb Code     0  entry10a.o(.ARM.Collect$$$$0000000D)
    __rt_final_exit                          0x080000c1   Thumb Code     0  entry11a.o(.ARM.Collect$$$$0000000F)
    Reset_Handler                            0x080000c5   Thumb Code     8  startup_stm32f030x6.o(.text)
    ADC1_IRQHandler                          0x080000d7   Thumb Code     0  startup_stm32f030x6.o(.text)
    DMA1_Channel1_IRQHandler                 0x080000d7   Thumb Code     0  startup_stm32f030x6.o(.text)
    DMA1_Channel2_3_IRQHandler               0x080000d7   Thumb Code     0  startup_stm32f030x6.o(.text)
    DMA1_Channel4_5_IRQHandler               0x080000d7   Thumb Code     0  startup_stm32f030x6.o(.text)
    EXTI0_1_IRQHandler                       0x080000d7   Thumb Code     0  startup_stm32f030x6.o(.text)
    EXTI2_3_IRQHandler                       0x080000d7   Thumb Code     0  startup_stm32f030x6.o(.text)
    FLASH_IRQHandler                         0x080000d7   Thumb Code     0  startup_stm32f030x6.o(.text)
    I2C1_IRQHandler                          0x080000d7   Thumb Code     0  startup_stm32f030x6.o(.text)
    RCC_IRQHandler                           0x080000d7   Thumb Code     0  startup_stm32f030x6.o(.text)
    RTC_IRQHandler                           0x080000d7   Thumb Code     0  startup_stm32f030x6.o(.text)
    SPI1_IRQHandler                          0x080000d7   Thumb Code     0  startup_stm32f030x6.o(.text)
    TIM1_BRK_UP_TRG_COM_IRQHandler           0x080000d7   Thumb Code     0  startup_stm32f030x6.o(.text)
    TIM1_CC_IRQHandler                       0x080000d7   Thumb Code     0  startup_stm32f030x6.o(.text)
    TIM3_IRQHandler                          0x080000d7   Thumb Code     0  startup_stm32f030x6.o(.text)
    WWDG_IRQHandler                          0x080000d7   Thumb Code     0  startup_stm32f030x6.o(.text)
    __aeabi_uidiv                            0x080000e1   Thumb Code     0  uidiv.o(.text)
    __aeabi_uidivmod                         0x080000e1   Thumb Code    44  uidiv.o(.text)
    __aeabi_llsr                             0x0800010d   Thumb Code    34  llushr.o(.text)
    _ll_ushift_r                             0x0800010d   Thumb Code     0  llushr.o(.text)
    __aeabi_fadd                             0x0800012f   Thumb Code   162  fadd.o(.text)
    __aeabi_fsub                             0x080001d1   Thumb Code     8  fadd.o(.text)
    __aeabi_frsub                            0x080001d9   Thumb Code     8  fadd.o(.text)
    __aeabi_fmul                             0x080001e1   Thumb Code   122  fmul.o(.text)
    __aeabi_dadd                             0x0800025d   Thumb Code   328  dadd.o(.text)
    __aeabi_dsub                             0x080003a5   Thumb Code    12  dadd.o(.text)
    __aeabi_drsub                            0x080003b1   Thumb Code    12  dadd.o(.text)
    __aeabi_dmul                             0x080003c1   Thumb Code   202  dmul.o(.text)
    __aeabi_ddiv                             0x08000491   Thumb Code   234  ddiv.o(.text)
    __ARM_scalbn                             0x08000581   Thumb Code    44  dscalb.o(.text)
    scalbn                                   0x08000581   Thumb Code     0  dscalb.o(.text)
    __aeabi_i2f                              0x080005ad   Thumb Code    22  fflti.o(.text)
    __aeabi_ui2f                             0x080005c3   Thumb Code    14  ffltui.o(.text)
    __aeabi_ui2d                             0x080005d1   Thumb Code    24  dfltui.o(.text)
    __aeabi_f2iz                             0x080005ed   Thumb Code    50  ffixi.o(.text)
    __aeabi_d2iz                             0x08000621   Thumb Code    62  dfixi.o(.text)
    __aeabi_cdcmpeq                          0x08000669   Thumb Code     0  cdcmple.o(.text)
    __aeabi_cdcmple                          0x08000669   Thumb Code    38  cdcmple.o(.text)
    __aeabi_cdrcmple                         0x08000691   Thumb Code    38  cdrcmple.o(.text)
    __aeabi_llsl                             0x080006b9   Thumb Code    32  llshl.o(.text)
    _ll_shift_l                              0x080006b9   Thumb Code     0  llshl.o(.text)
    __aeabi_lasr                             0x080006d9   Thumb Code    38  llsshr.o(.text)
    _ll_sshift_r                             0x080006d9   Thumb Code     0  llsshr.o(.text)
    __I$use$fp                               0x080006ff   Thumb Code     0  iusefp.o(.text)
    _float_round                             0x080006ff   Thumb Code    16  fepilogue.o(.text)
    _float_epilogue                          0x0800070f   Thumb Code   114  fepilogue.o(.text)
    _double_round                            0x08000781   Thumb Code    26  depilogue.o(.text)
    _double_epilogue                         0x0800079b   Thumb Code   164  depilogue.o(.text)
    __scatterload                            0x08000841   Thumb Code    28  init.o(.text)
    __scatterload_rt2                        0x08000841   Thumb Code     0  init.o(.text)
    EXTI4_15_IRQHandler                      0x08000865   Thumb Code    22  stm32f0xx_it.o(i.EXTI4_15_IRQHandler)
    HAL_ADC_ConfigChannel                    0x0800087d   Thumb Code   254  stm32f0xx_hal_adc.o(i.HAL_ADC_ConfigChannel)
    HAL_ADC_Init                             0x0800098d   Thumb Code   364  stm32f0xx_hal_adc.o(i.HAL_ADC_Init)
    HAL_ADC_MspInit                          0x08000b01   Thumb Code    52  adc.o(i.HAL_ADC_MspInit)
    HAL_DMA_Abort_IT                         0x08000b3d   Thumb Code    72  stm32f0xx_hal_dma.o(i.HAL_DMA_Abort_IT)
    HAL_GPIO_EXTI_Callback                   0x08000b85   Thumb Code    10  main.o(i.HAL_GPIO_EXTI_Callback)
    HAL_GPIO_EXTI_IRQHandler                 0x08000b95   Thumb Code    18  stm32f0xx_hal_gpio.o(i.HAL_GPIO_EXTI_IRQHandler)
    HAL_GPIO_Init                            0x08000bad   Thumb Code   302  stm32f0xx_hal_gpio.o(i.HAL_GPIO_Init)
    HAL_GPIO_ReadPin                         0x08000cf5   Thumb Code    10  stm32f0xx_hal_gpio.o(i.HAL_GPIO_ReadPin)
    HAL_GPIO_WritePin                        0x08000cff   Thumb Code    12  stm32f0xx_hal_gpio.o(i.HAL_GPIO_WritePin)
    HAL_GetTick                              0x08000d0d   Thumb Code     6  stm32f0xx_hal.o(i.HAL_GetTick)
    HAL_IncTick                              0x08000d19   Thumb Code    10  stm32f0xx_hal.o(i.HAL_IncTick)
    HAL_Init                                 0x08000d29   Thumb Code    26  stm32f0xx_hal.o(i.HAL_Init)
    HAL_InitTick                             0x08000d49   Thumb Code    34  stm32f0xx_hal.o(i.HAL_InitTick)
    HAL_MspInit                              0x08000d6d   Thumb Code    50  stm32f0xx_hal_msp.o(i.HAL_MspInit)
    HAL_NVIC_EnableIRQ                       0x08000da5   Thumb Code    14  stm32f0xx_hal_cortex.o(i.HAL_NVIC_EnableIRQ)
    HAL_NVIC_SetPriority                     0x08000db9   Thumb Code     8  stm32f0xx_hal_cortex.o(i.HAL_NVIC_SetPriority)
    HAL_RCCEx_PeriphCLKConfig                0x08000dc1   Thumb Code   218  stm32f0xx_hal_rcc_ex.o(i.HAL_RCCEx_PeriphCLKConfig)
    HAL_RCC_ClockConfig                      0x08000ea9   Thumb Code   280  stm32f0xx_hal_rcc.o(i.HAL_RCC_ClockConfig)
    HAL_RCC_GetHCLKFreq                      0x08000fd5   Thumb Code     6  stm32f0xx_hal_rcc.o(i.HAL_RCC_GetHCLKFreq)
    HAL_RCC_GetPCLK1Freq                     0x08000fe1   Thumb Code    20  stm32f0xx_hal_rcc.o(i.HAL_RCC_GetPCLK1Freq)
    HAL_RCC_GetSysClockFreq                  0x08001001   Thumb Code    78  stm32f0xx_hal_rcc.o(i.HAL_RCC_GetSysClockFreq)
    HAL_RCC_OscConfig                        0x0800107d   Thumb Code   840  stm32f0xx_hal_rcc.o(i.HAL_RCC_OscConfig)
    HAL_SYSTICK_CLKSourceConfig              0x080013d1   Thumb Code    20  stm32f0xx_hal_cortex.o(i.HAL_SYSTICK_CLKSourceConfig)
    HAL_SYSTICK_Callback                     0x080013e9   Thumb Code     2  stm32f0xx_hal_cortex.o(i.HAL_SYSTICK_Callback)
    HAL_SYSTICK_Config                       0x080013ed   Thumb Code    38  stm32f0xx_hal_cortex.o(i.HAL_SYSTICK_Config)
    HAL_SYSTICK_IRQHandler                   0x0800141d   Thumb Code     8  stm32f0xx_hal_cortex.o(i.HAL_SYSTICK_IRQHandler)
    HAL_TIMEx_BreakCallback                  0x08001425   Thumb Code     2  stm32f0xx_hal_tim_ex.o(i.HAL_TIMEx_BreakCallback)
    HAL_TIMEx_CommutationCallback            0x08001427   Thumb Code     2  stm32f0xx_hal_tim_ex.o(i.HAL_TIMEx_CommutationCallback)
    HAL_TIMEx_ConfigBreakDeadTime            0x08001429   Thumb Code    96  stm32f0xx_hal_tim_ex.o(i.HAL_TIMEx_ConfigBreakDeadTime)
    HAL_TIMEx_MasterConfigSynchronization    0x08001489   Thumb Code    72  stm32f0xx_hal_tim_ex.o(i.HAL_TIMEx_MasterConfigSynchronization)
    HAL_TIM_Base_Init                        0x080014d1   Thumb Code    52  stm32f0xx_hal_tim.o(i.HAL_TIM_Base_Init)
    HAL_TIM_Base_MspInit                     0x08001505   Thumb Code   156  tim.o(i.HAL_TIM_Base_MspInit)
    HAL_TIM_Base_Start                       0x080015b9   Thumb Code    24  stm32f0xx_hal_tim.o(i.HAL_TIM_Base_Start)
    HAL_TIM_Base_Start_IT                    0x080015d1   Thumb Code    22  stm32f0xx_hal_tim.o(i.HAL_TIM_Base_Start_IT)
    HAL_TIM_ConfigClockSource                0x080015e7   Thumb Code   238  stm32f0xx_hal_tim.o(i.HAL_TIM_ConfigClockSource)
    HAL_TIM_IC_CaptureCallback               0x080016d5   Thumb Code     2  stm32f0xx_hal_tim.o(i.HAL_TIM_IC_CaptureCallback)
    HAL_TIM_IRQHandler                       0x080016d7   Thumb Code   354  stm32f0xx_hal_tim.o(i.HAL_TIM_IRQHandler)
    HAL_TIM_MspPostInit                      0x08001839   Thumb Code    70  tim.o(i.HAL_TIM_MspPostInit)
    HAL_TIM_OC_DelayElapsedCallback          0x0800188d   Thumb Code     2  stm32f0xx_hal_tim.o(i.HAL_TIM_OC_DelayElapsedCallback)
    HAL_TIM_PWM_ConfigChannel                0x0800188f   Thumb Code   208  stm32f0xx_hal_tim.o(i.HAL_TIM_PWM_ConfigChannel)
    HAL_TIM_PWM_Init                         0x0800195f   Thumb Code    52  stm32f0xx_hal_tim.o(i.HAL_TIM_PWM_Init)
    HAL_TIM_PWM_MspInit                      0x08001993   Thumb Code     2  stm32f0xx_hal_tim.o(i.HAL_TIM_PWM_MspInit)
    HAL_TIM_PWM_PulseFinishedCallback        0x08001995   Thumb Code     2  stm32f0xx_hal_tim.o(i.HAL_TIM_PWM_PulseFinishedCallback)
    HAL_TIM_PWM_Start                        0x08001999   Thumb Code    56  stm32f0xx_hal_tim.o(i.HAL_TIM_PWM_Start)
    HAL_TIM_PeriodElapsedCallback            0x080019dd   Thumb Code    28  main.o(i.HAL_TIM_PeriodElapsedCallback)
    HAL_TIM_TriggerCallback                  0x08001a05   Thumb Code     2  stm32f0xx_hal_tim.o(i.HAL_TIM_TriggerCallback)
    HAL_UART_ErrorCallback                   0x08001a07   Thumb Code     2  stm32f0xx_hal_uart.o(i.HAL_UART_ErrorCallback)
    HAL_UART_IRQHandler                      0x08001a09   Thumb Code   272  stm32f0xx_hal_uart.o(i.HAL_UART_IRQHandler)
    HAL_UART_Init                            0x08001b1d   Thumb Code   108  stm32f0xx_hal_uart.o(i.HAL_UART_Init)
    HAL_UART_MspInit                         0x08001b89   Thumb Code    78  usart.o(i.HAL_UART_MspInit)
    HAL_UART_Receive_IT                      0x08001be5   Thumb Code   132  stm32f0xx_hal_uart.o(i.HAL_UART_Receive_IT)
    HAL_UART_RxCpltCallback                  0x08001c6d   Thumb Code    46  main.o(i.HAL_UART_RxCpltCallback)
    HAL_UART_Transmit_IT                     0x08001ca1   Thumb Code    88  stm32f0xx_hal_uart.o(i.HAL_UART_Transmit_IT)
    HAL_UART_TxCpltCallback                  0x08001cf9   Thumb Code    10  main.o(i.HAL_UART_TxCpltCallback)
    HardFault_Handler                        0x08001d09   Thumb Code     2  stm32f0xx_it.o(i.HardFault_Handler)
    MX_ADC_Init                              0x08001d0d   Thumb Code   116  adc.o(i.MX_ADC_Init)
    MX_GPIO_Init                             0x08001d99   Thumb Code   186  gpio.o(i.MX_GPIO_Init)
    MX_TIM14_Init                            0x08001e69   Thumb Code    42  tim.o(i.MX_TIM14_Init)
    MX_TIM16_Init                            0x08001eb1   Thumb Code    44  tim.o(i.MX_TIM16_Init)
    MX_TIM17_Init                            0x08001ef9   Thumb Code    44  tim.o(i.MX_TIM17_Init)
    MX_TIM1_Init                             0x08001f41   Thumb Code   266  tim.o(i.MX_TIM1_Init)
    MX_TIM3_Init                             0x08002065   Thumb Code   176  tim.o(i.MX_TIM3_Init)
    MX_USART1_UART_Init                      0x0800212d   Thumb Code    58  usart.o(i.MX_USART1_UART_Init)
    NMI_Handler                              0x08002185   Thumb Code     2  stm32f0xx_it.o(i.NMI_Handler)
    PendSV_Handler                           0x08002187   Thumb Code     2  stm32f0xx_it.o(i.PendSV_Handler)
    SVC_Handler                              0x08002189   Thumb Code     2  stm32f0xx_it.o(i.SVC_Handler)
    SysTick_Handler                          0x0800218b   Thumb Code    12  stm32f0xx_it.o(i.SysTick_Handler)
    SystemInit                               0x08002199   Thumb Code    78  system_stm32f0xx.o(i.SystemInit)
    TIM14_IRQHandler                         0x080021f5   Thumb Code    10  stm32f0xx_it.o(i.TIM14_IRQHandler)
    TIM16_IRQHandler                         0x08002205   Thumb Code    10  stm32f0xx_it.o(i.TIM16_IRQHandler)
    TIM17_IRQHandler                         0x08002215   Thumb Code    10  stm32f0xx_it.o(i.TIM17_IRQHandler)
    TIM_Base_SetConfig                       0x08002225   Thumb Code   100  stm32f0xx_hal_tim.o(i.TIM_Base_SetConfig)
    TIM_CCxChannelCmd                        0x0800229d   Thumb Code    22  stm32f0xx_hal_tim.o(i.TIM_CCxChannelCmd)
    TIM_ETR_SetConfig                        0x080022b3   Thumb Code    22  stm32f0xx_hal_tim.o(i.TIM_ETR_SetConfig)
    TIM_OC2_SetConfig                        0x080022c9   Thumb Code   104  stm32f0xx_hal_tim.o(i.TIM_OC2_SetConfig)
    UART_AdvFeatureConfig                    0x0800233d   Thumb Code   202  stm32f0xx_hal_uart.o(i.UART_AdvFeatureConfig)
    UART_CheckIdleState                      0x08002407   Thumb Code    18  stm32f0xx_hal_uart.o(i.UART_CheckIdleState)
    UART_EndTransmit_IT                      0x08002419   Thumb Code    26  stm32f0xx_hal_uart.o(i.UART_EndTransmit_IT)
    UART_Receive_IT                          0x08002433   Thumb Code   122  stm32f0xx_hal_uart.o(i.UART_Receive_IT)
    UART_SetConfig                           0x080024ad   Thumb Code   266  stm32f0xx_hal_uart.o(i.UART_SetConfig)
    UART_Transmit_IT                         0x080025c9   Thumb Code   102  stm32f0xx_hal_uart.o(i.UART_Transmit_IT)
    USART1_IRQHandler                        0x08002631   Thumb Code    10  stm32f0xx_it.o(i.USART1_IRQHandler)
    _Error_Handler                           0x08002641   Thumb Code     2  main.o(i._Error_Handler)
    SystemClock_Config()                     0x080027d9   Thumb Code   124  main.o(i._Z18SystemClock_Configv)
    Controller::Calculate_I()                0x080028e1   Thumb Code    68  controller.o(i._ZN10Controller11Calculate_IEv)
    Controller::Calculate_PWM()              0x0800292d   Thumb Code    58  controller.o(i._ZN10Controller13Calculate_PWMEv)
    Controller::Calculate_Error()            0x08002971   Thumb Code    60  controller.o(i._ZN10Controller15Calculate_ErrorEv)
    Controller::Set_MommentomRPM(short)      0x080029b5   Thumb Code     6  controller.o(i._ZN10Controller16Set_MommentomRPMEs)
    Controller::Init()                       0x080029c1   Thumb Code    72  controller.o(i._ZN10Controller4InitEv)
    Controller::Get_PWM()                    0x08002a2d   Thumb Code    64  controller.o(i._ZN10Controller7Get_PWMEv)
    Controller::Set_RPM(short)               0x08002a7d   Thumb Code    38  controller.o(i._ZN10Controller7Set_RPMEs)
    Motor::Free_Wheel()                      0x08002aa9   Thumb Code    64  motor.o(i._ZN5Motor10Free_WheelEv)
    Motor::Check_Speed()                     0x08002ae9   Thumb Code   136  motor.o(i._ZN5Motor11Check_SpeedEv)
    Motor::Hal_Changed()                     0x08002b81   Thumb Code    44  motor.o(i._ZN5Motor11Hal_ChangedEv)
    Motor::Time_Passed(bool)                 0x08002bb1   Thumb Code    98  motor.o(i._ZN5Motor11Time_PassedEb)
    Motor::Start_Timers()                    0x08002c25   Thumb Code    76  motor.o(i._ZN5Motor12Start_TimersEv)
    Motor::Set_Direction()                   0x08002c81   Thumb Code    52  motor.o(i._ZN5Motor13Set_DirectionEv)
    Motor::Set_DutyCycle(unsigned char, unsigned char) 0x08002cb9   Thumb Code    48  motor.o(i._ZN5Motor13Set_DutyCycleEhh)
    Motor::Anti_Clockwise()                  0x08002cf1   Thumb Code   268  motor.o(i._ZN5Motor14Anti_ClockwiseEv)
    Motor::Init_Clockwise()                  0x08002e05   Thumb Code    84  motor.o(i._ZN5Motor14Init_ClockwiseEv)
    Motor::Get_MomentomRPM()                 0x08002e5d   Thumb Code     8  motor.o(i._ZN5Motor15Get_MomentomRPMEv)
    Motor::Init_Anti_Clockwise()             0x08002e69   Thumb Code    84  motor.o(i._ZN5Motor19Init_Anti_ClockwiseEv)
    Motor::Init(bool)                        0x08002ec1   Thumb Code    44  motor.o(i._ZN5Motor4InitEb)
    Motor::Set_PWM(int)                      0x08002ef1   Thumb Code    12  motor.o(i._ZN5Motor7Set_PWMEi)
    Motor::Read_Hal()                        0x08002f01   Thumb Code    66  motor.o(i._ZN5Motor8Read_HalEv)
    Motor::Show_Hal()                        0x08002f49   Thumb Code    38  motor.o(i._ZN5Motor8Show_HalEv)
    Motor::Calculate()                       0x08002f79   Thumb Code   196  motor.o(i._ZN5Motor9CalculateEv)
    Motor::Clockwise()                       0x08003061   Thumb Code   268  motor.o(i._ZN5Motor9ClockwiseEv)
    Motor::State_Hal(bool)                   0x08003175   Thumb Code    28  motor.o(i._ZN5Motor9State_HalEb)
    Network::Receive_Ended()                 0x08003191   Thumb Code    62  network.o(i._ZN7Network13Receive_EndedEv)
    Network::Transmit_Ended()                0x080031d9   Thumb Code    14  network.o(i._ZN7Network14Transmit_EndedEv)
    Network::Init()                          0x080031f1   Thumb Code    14  network.o(i._ZN7Network4InitEv)
    Network::Set_RPM(short)                  0x08003209   Thumb Code     6  network.o(i._ZN7Network7Set_RPMEs)
    Network::Read_SRPM()                     0x08003215   Thumb Code     8  network.o(i._ZN7Network9Read_SRPMEv)
    __ARM_clz                                0x08003221   Thumb Code    46  depilogue.o(i.__ARM_clz)
    __ARM_common_switch8                     0x0800324f   Thumb Code    26  stm32f0xx_hal_tim.o(i.__ARM_common_switch8)
    __scatterload_copy                       0x08003269   Thumb Code    14  handlers.o(i.__scatterload_copy)
    __scatterload_null                       0x08003277   Thumb Code     2  handlers.o(i.__scatterload_null)
    __scatterload_zeroinit                   0x08003279   Thumb Code    14  handlers.o(i.__scatterload_zeroinit)
    main                                     0x08003289   Thumb Code   104  main.o(i.main)
    AHBPrescTable                            0x080032f4   Data          16  system_stm32f0xx.o(.constdata)
    APBPrescTable                            0x08003304   Data           8  system_stm32f0xx.o(.constdata)
    Region$$Table$$Base                      0x0800330c   Number         0  anon$$obj.o(Region$$Table)
    Region$$Table$$Limit                     0x0800332c   Number         0  anon$$obj.o(Region$$Table)
    SystemCoreClock                          0x20000000   Data           4  system_stm32f0xx.o(.data)
    uwTick                                   0x20000004   Data           4  stm32f0xx_hal.o(.data)
    Motor::hal1                              0x20000010   Data           1  motor.o(.data)
    Motor::hal2                              0x20000011   Data           1  motor.o(.data)
    Motor::hal3                              0x20000012   Data           1  motor.o(.data)
    Motor::currentState                      0x20000013   Data           1  motor.o(.data)
    Motor::lastState                         0x20000014   Data           1  motor.o(.data)
    Motor::state1                            0x20000015   Data           1  motor.o(.data)
    Motor::state2                            0x20000016   Data           1  motor.o(.data)
    Motor::isSpinn                           0x20000017   Data           1  motor.o(.data)
    Motor::direction                         0x20000018   Data           2  motor.o(.data)
    Motor::momentomRPM                       0x2000001a   Data           2  motor.o(.data)
    Motor::PWM                               0x2000001c   Data           2  motor.o(.data)
    Motor::PPR1                              0x20000020   Data           8  motor.o(.data)
    Motor::PPR2                              0x20000028   Data           8  motor.o(.data)
    Motor::timerOverFlow1                    0x20000030   Data           8  motor.o(.data)
    Motor::timerOverFlow2                    0x20000038   Data           8  motor.o(.data)
    Network::SRPM                            0x20000040   Data           2  network.o(.data)
    Network::RPM                             0x20000042   Data           2  network.o(.data)
    Network::rxBuffer                        0x20000044   Data           4  network.o(.data)
    Network::txBuffer                        0x20000048   Data           4  network.o(.data)
    Controller::phaseSelector                0x2000004c   Data           1  controller.o(.data)
    Controller::SetedRPM                     0x2000004e   Data           2  controller.o(.data)
    Controller::momentomRPM                  0x20000050   Data           2  controller.o(.data)
    Controller::deltaTime                    0x20000054   Data           4  controller.o(.data)
    hadc                                     0x20000058   Data          76  adc.o(.bss)
    huart1                                   0x200000a4   Data         112  usart.o(.bss)
    htim1                                    0x20000114   Data          64  tim.o(.bss)
    htim3                                    0x20000154   Data          64  tim.o(.bss)
    htim14                                   0x20000194   Data          64  tim.o(.bss)
    htim16                                   0x200001d4   Data          64  tim.o(.bss)
    htim17                                   0x20000214   Data          64  tim.o(.bss)
    Motor::clockwise                         0x20000254   Data          48  motor.o(.bss)
    Motor::antiClockwise                     0x20000284   Data          48  motor.o(.bss)
    Controller::phase                        0x200002b4   Data          84  controller.o(.bss)
    __initial_sp                             0x20000b08   Data           0  startup_stm32f030x6.o(STACK)



==============================================================================

Memory Map of the image

  Image Entry point : 0x080000b1

  Load Region LR_IROM1 (Base: 0x08000000, Size: 0x00003384, Max: 0x00008000, ABSOLUTE)

    Execution Region ER_IROM1 (Base: 0x08000000, Size: 0x0000332c, Max: 0x00008000, ABSOLUTE)

    Base Addr    Size         Type   Attr      Idx    E Section Name        Object

    0x08000000   0x000000b0   Data   RO         3860    RESET               startup_stm32f030x6.o
    0x080000b0   0x00000000   Code   RO         3865  * .ARM.Collect$$$$00000000  mc_p.l(entry.o)
    0x080000b0   0x00000004   Code   RO         3898    .ARM.Collect$$$$00000001  mc_p.l(entry2.o)
    0x080000b4   0x00000004   Code   RO         3901    .ARM.Collect$$$$00000004  mc_p.l(entry5.o)
    0x080000b8   0x00000000   Code   RO         3903    .ARM.Collect$$$$00000008  mc_p.l(entry7b.o)
    0x080000b8   0x00000000   Code   RO         3905    .ARM.Collect$$$$0000000A  mc_p.l(entry8b.o)
    0x080000b8   0x00000008   Code   RO         3906    .ARM.Collect$$$$0000000B  mc_p.l(entry9a.o)
    0x080000c0   0x00000000   Code   RO         3908    .ARM.Collect$$$$0000000D  mc_p.l(entry10a.o)
    0x080000c0   0x00000000   Code   RO         3910    .ARM.Collect$$$$0000000F  mc_p.l(entry11a.o)
    0x080000c0   0x00000004   Code   RO         3899    .ARM.Collect$$$$00002712  mc_p.l(entry2.o)
    0x080000c4   0x0000001c   Code   RO         3861    .text               startup_stm32f030x6.o
    0x080000e0   0x0000002c   Code   RO         3868    .text               mc_p.l(uidiv.o)
    0x0800010c   0x00000022   Code   RO         3870    .text               mc_p.l(llushr.o)
    0x0800012e   0x000000b2   Code   RO         3872    .text               mf_p.l(fadd.o)
    0x080001e0   0x0000007a   Code   RO         3874    .text               mf_p.l(fmul.o)
    0x0800025a   0x00000002   PAD
    0x0800025c   0x00000164   Code   RO         3876    .text               mf_p.l(dadd.o)
    0x080003c0   0x000000d0   Code   RO         3878    .text               mf_p.l(dmul.o)
    0x08000490   0x000000f0   Code   RO         3880    .text               mf_p.l(ddiv.o)
    0x08000580   0x0000002c   Code   RO         3882    .text               mf_p.l(dscalb.o)
    0x080005ac   0x00000016   Code   RO         3884    .text               mf_p.l(fflti.o)
    0x080005c2   0x0000000e   Code   RO         3886    .text               mf_p.l(ffltui.o)
    0x080005d0   0x0000001c   Code   RO         3888    .text               mf_p.l(dfltui.o)
    0x080005ec   0x00000032   Code   RO         3890    .text               mf_p.l(ffixi.o)
    0x0800061e   0x00000002   PAD
    0x08000620   0x00000048   Code   RO         3892    .text               mf_p.l(dfixi.o)
    0x08000668   0x00000028   Code   RO         3894    .text               mf_p.l(cdcmple.o)
    0x08000690   0x00000028   Code   RO         3896    .text               mf_p.l(cdrcmple.o)
    0x080006b8   0x00000020   Code   RO         3912    .text               mc_p.l(llshl.o)
    0x080006d8   0x00000026   Code   RO         3914    .text               mc_p.l(llsshr.o)
    0x080006fe   0x00000000   Code   RO         3916    .text               mc_p.l(iusefp.o)
    0x080006fe   0x00000082   Code   RO         3917    .text               mf_p.l(fepilogue.o)
    0x08000780   0x000000be   Code   RO         3919    .text               mf_p.l(depilogue.o)
    0x0800083e   0x00000002   PAD
    0x08000840   0x00000024   Code   RO         3923    .text               mc_p.l(init.o)
    0x08000864   0x00000016   Code   RO         3320    i.EXTI4_15_IRQHandler  stm32f0xx_it.o
    0x0800087a   0x00000002   PAD
    0x0800087c   0x00000110   Code   RO          907    i.HAL_ADC_ConfigChannel  stm32f0xx_hal_adc.o
    0x0800098c   0x00000174   Code   RO          916    i.HAL_ADC_Init      stm32f0xx_hal_adc.o
    0x08000b00   0x0000003c   Code   RO         3235    i.HAL_ADC_MspInit   adc.o
    0x08000b3c   0x00000048   Code   RO         2906    i.HAL_DMA_Abort_IT  stm32f0xx_hal_dma.o
    0x08000b84   0x00000010   Code   RO         3525    i.HAL_GPIO_EXTI_Callback  main.o
    0x08000b94   0x00000018   Code   RO         3017    i.HAL_GPIO_EXTI_IRQHandler  stm32f0xx_hal_gpio.o
    0x08000bac   0x00000148   Code   RO         3018    i.HAL_GPIO_Init     stm32f0xx_hal_gpio.o
    0x08000cf4   0x0000000a   Code   RO         3020    i.HAL_GPIO_ReadPin  stm32f0xx_hal_gpio.o
    0x08000cfe   0x0000000c   Code   RO         3022    i.HAL_GPIO_WritePin  stm32f0xx_hal_gpio.o
    0x08000d0a   0x00000002   PAD
    0x08000d0c   0x0000000c   Code   RO          758    i.HAL_GetTick       stm32f0xx_hal.o
    0x08000d18   0x00000010   Code   RO          762    i.HAL_IncTick       stm32f0xx_hal.o
    0x08000d28   0x00000020   Code   RO          763    i.HAL_Init          stm32f0xx_hal.o
    0x08000d48   0x00000022   Code   RO          764    i.HAL_InitTick      stm32f0xx_hal.o
    0x08000d6a   0x00000002   PAD
    0x08000d6c   0x00000038   Code   RO         3278    i.HAL_MspInit       stm32f0xx_hal_msp.o
    0x08000da4   0x00000014   Code   RO         3129    i.HAL_NVIC_EnableIRQ  stm32f0xx_hal_cortex.o
    0x08000db8   0x00000008   Code   RO         3133    i.HAL_NVIC_SetPriority  stm32f0xx_hal_cortex.o
    0x08000dc0   0x000000e8   Code   RO         1112    i.HAL_RCCEx_PeriphCLKConfig  stm32f0xx_hal_rcc_ex.o
    0x08000ea8   0x0000012c   Code   RO         1669    i.HAL_RCC_ClockConfig  stm32f0xx_hal_rcc.o
    0x08000fd4   0x0000000c   Code   RO         1674    i.HAL_RCC_GetHCLKFreq  stm32f0xx_hal_rcc.o
    0x08000fe0   0x00000020   Code   RO         1676    i.HAL_RCC_GetPCLK1Freq  stm32f0xx_hal_rcc.o
    0x08001000   0x0000007c   Code   RO         1677    i.HAL_RCC_GetSysClockFreq  stm32f0xx_hal_rcc.o
    0x0800107c   0x00000354   Code   RO         1680    i.HAL_RCC_OscConfig  stm32f0xx_hal_rcc.o
    0x080013d0   0x00000018   Code   RO         3135    i.HAL_SYSTICK_CLKSourceConfig  stm32f0xx_hal_cortex.o
    0x080013e8   0x00000002   Code   RO         3136    i.HAL_SYSTICK_Callback  stm32f0xx_hal_cortex.o
    0x080013ea   0x00000002   PAD
    0x080013ec   0x00000030   Code   RO         3137    i.HAL_SYSTICK_Config  stm32f0xx_hal_cortex.o
    0x0800141c   0x00000008   Code   RO         3138    i.HAL_SYSTICK_IRQHandler  stm32f0xx_hal_cortex.o
    0x08001424   0x00000002   Code   RO         2521    i.HAL_TIMEx_BreakCallback  stm32f0xx_hal_tim_ex.o
    0x08001426   0x00000002   Code   RO         2522    i.HAL_TIMEx_CommutationCallback  stm32f0xx_hal_tim_ex.o
    0x08001428   0x00000060   Code   RO         2523    i.HAL_TIMEx_ConfigBreakDeadTime  stm32f0xx_hal_tim_ex.o
    0x08001488   0x00000048   Code   RO         2538    i.HAL_TIMEx_MasterConfigSynchronization  stm32f0xx_hal_tim_ex.o
    0x080014d0   0x00000034   Code   RO         1775    i.HAL_TIM_Base_Init  stm32f0xx_hal_tim.o
    0x08001504   0x000000b4   Code   RO         3450    i.HAL_TIM_Base_MspInit  tim.o
    0x080015b8   0x00000018   Code   RO         1778    i.HAL_TIM_Base_Start  stm32f0xx_hal_tim.o
    0x080015d0   0x00000016   Code   RO         1780    i.HAL_TIM_Base_Start_IT  stm32f0xx_hal_tim.o
    0x080015e6   0x000000ee   Code   RO         1784    i.HAL_TIM_ConfigClockSource  stm32f0xx_hal_tim.o
    0x080016d4   0x00000002   Code   RO         1806    i.HAL_TIM_IC_CaptureCallback  stm32f0xx_hal_tim.o
    0x080016d6   0x00000162   Code   RO         1819    i.HAL_TIM_IRQHandler  stm32f0xx_hal_tim.o
    0x08001838   0x00000054   Code   RO         3451    i.HAL_TIM_MspPostInit  tim.o
    0x0800188c   0x00000002   Code   RO         1822    i.HAL_TIM_OC_DelayElapsedCallback  stm32f0xx_hal_tim.o
    0x0800188e   0x000000d0   Code   RO         1843    i.HAL_TIM_PWM_ConfigChannel  stm32f0xx_hal_tim.o
    0x0800195e   0x00000034   Code   RO         1846    i.HAL_TIM_PWM_Init  stm32f0xx_hal_tim.o
    0x08001992   0x00000002   Code   RO         1848    i.HAL_TIM_PWM_MspInit  stm32f0xx_hal_tim.o
    0x08001994   0x00000002   Code   RO         1849    i.HAL_TIM_PWM_PulseFinishedCallback  stm32f0xx_hal_tim.o
    0x08001996   0x00000002   PAD
    0x08001998   0x00000044   Code   RO         1850    i.HAL_TIM_PWM_Start  stm32f0xx_hal_tim.o
    0x080019dc   0x00000028   Code   RO         3526    i.HAL_TIM_PeriodElapsedCallback  main.o
    0x08001a04   0x00000002   Code   RO         1860    i.HAL_TIM_TriggerCallback  stm32f0xx_hal_tim.o
    0x08001a06   0x00000002   Code   RO         1246    i.HAL_UART_ErrorCallback  stm32f0xx_hal_uart.o
    0x08001a08   0x00000114   Code   RO         1249    i.HAL_UART_IRQHandler  stm32f0xx_hal_uart.o
    0x08001b1c   0x0000006c   Code   RO         1250    i.HAL_UART_Init     stm32f0xx_hal_uart.o
    0x08001b88   0x0000005c   Code   RO         3409    i.HAL_UART_MspInit  usart.o
    0x08001be4   0x00000088   Code   RO         1255    i.HAL_UART_Receive_IT  stm32f0xx_hal_uart.o
    0x08001c6c   0x00000034   Code   RO         3527    i.HAL_UART_RxCpltCallback  main.o
    0x08001ca0   0x00000058   Code   RO         1260    i.HAL_UART_Transmit_IT  stm32f0xx_hal_uart.o
    0x08001cf8   0x00000010   Code   RO         3528    i.HAL_UART_TxCpltCallback  main.o
    0x08001d08   0x00000002   Code   RO         3321    i.HardFault_Handler  stm32f0xx_it.o
    0x08001d0a   0x00000002   PAD
    0x08001d0c   0x0000008c   Code   RO         3236    i.MX_ADC_Init       adc.o
    0x08001d98   0x000000d0   Code   RO         3299    i.MX_GPIO_Init      gpio.o
    0x08001e68   0x00000048   Code   RO         3452    i.MX_TIM14_Init     tim.o
    0x08001eb0   0x00000048   Code   RO         3453    i.MX_TIM16_Init     tim.o
    0x08001ef8   0x00000048   Code   RO         3454    i.MX_TIM17_Init     tim.o
    0x08001f40   0x00000124   Code   RO         3455    i.MX_TIM1_Init      tim.o
    0x08002064   0x000000c8   Code   RO         3456    i.MX_TIM3_Init      tim.o
    0x0800212c   0x00000058   Code   RO         3410    i.MX_USART1_UART_Init  usart.o
    0x08002184   0x00000002   Code   RO         3322    i.NMI_Handler       stm32f0xx_it.o
    0x08002186   0x00000002   Code   RO         3323    i.PendSV_Handler    stm32f0xx_it.o
    0x08002188   0x00000002   Code   RO         3324    i.SVC_Handler       stm32f0xx_it.o
    0x0800218a   0x0000000c   Code   RO         3325    i.SysTick_Handler   stm32f0xx_it.o
    0x08002196   0x00000002   PAD
    0x08002198   0x0000005c   Code   RO            4    i.SystemInit        system_stm32f0xx.o
    0x080021f4   0x00000010   Code   RO         3326    i.TIM14_IRQHandler  stm32f0xx_it.o
    0x08002204   0x00000010   Code   RO         3327    i.TIM16_IRQHandler  stm32f0xx_it.o
    0x08002214   0x00000010   Code   RO         3328    i.TIM17_IRQHandler  stm32f0xx_it.o
    0x08002224   0x00000078   Code   RO         1861    i.TIM_Base_SetConfig  stm32f0xx_hal_tim.o
    0x0800229c   0x00000016   Code   RO         1862    i.TIM_CCxChannelCmd  stm32f0xx_hal_tim.o
    0x080022b2   0x00000016   Code   RO         1866    i.TIM_ETR_SetConfig  stm32f0xx_hal_tim.o
    0x080022c8   0x00000074   Code   RO         1867    i.TIM_OC2_SetConfig  stm32f0xx_hal_tim.o
    0x0800233c   0x000000ca   Code   RO         1263    i.UART_AdvFeatureConfig  stm32f0xx_hal_uart.o
    0x08002406   0x00000012   Code   RO         1264    i.UART_CheckIdleState  stm32f0xx_hal_uart.o
    0x08002418   0x0000001a   Code   RO         1265    i.UART_EndTransmit_IT  stm32f0xx_hal_uart.o
    0x08002432   0x0000007a   Code   RO         1266    i.UART_Receive_IT   stm32f0xx_hal_uart.o
    0x080024ac   0x0000011c   Code   RO         1267    i.UART_SetConfig    stm32f0xx_hal_uart.o
    0x080025c8   0x00000066   Code   RO         1268    i.UART_Transmit_IT  stm32f0xx_hal_uart.o
    0x0800262e   0x00000002   PAD
    0x08002630   0x00000010   Code   RO         3329    i.USART1_IRQHandler  stm32f0xx_it.o
    0x08002640   0x00000002   Code   RO         3529    i._Error_Handler    main.o
    0x08002642   0x00000002   PAD
    0x08002644   0x00000044   Code   RO         3139    i._Z16NVIC_SetPriority9IRQn_Typej  stm32f0xx_hal_cortex.o
    0x08002688   0x00000078   Code   RO         1869    i._Z17TIM_OC1_SetConfigP11TIM_TypeDefP18TIM_OC_InitTypeDef  stm32f0xx_hal_tim.o
    0x08002700   0x00000078   Code   RO         1870    i._Z17TIM_OC3_SetConfigP11TIM_TypeDefP18TIM_OC_InitTypeDef  stm32f0xx_hal_tim.o
    0x08002778   0x00000060   Code   RO         1871    i._Z17TIM_OC4_SetConfigP11TIM_TypeDefP18TIM_OC_InitTypeDef  stm32f0xx_hal_tim.o
    0x080027d8   0x0000007c   Code   RO         3530    i._Z18SystemClock_Configv  main.o
    0x08002854   0x00000010   Code   RO         1874    i._Z18TIM_ITRx_SetConfigP11TIM_TypeDeft  stm32f0xx_hal_tim.o
    0x08002864   0x0000001e   Code   RO         1273    i._Z18UART_EndRxTransferP18UART_HandleTypeDef  stm32f0xx_hal_uart.o
    0x08002882   0x00000014   Code   RO         1276    i._Z20UART_DMAAbortOnErrorP19__DMA_HandleTypeDef  stm32f0xx_hal_uart.o
    0x08002896   0x00000022   Code   RO         1877    i._Z24TIM_TI1_ConfigInputStageP11TIM_TypeDefjj  stm32f0xx_hal_tim.o
    0x080028b8   0x00000026   Code   RO         1878    i._Z24TIM_TI2_ConfigInputStageP11TIM_TypeDefjj  stm32f0xx_hal_tim.o
    0x080028de   0x00000002   PAD
    0x080028e0   0x0000004c   Code   RO         3796    i._ZN10Controller11Calculate_IEv  controller.o
    0x0800292c   0x00000044   Code   RO         3797    i._ZN10Controller13Calculate_PWMEv  controller.o
    0x08002970   0x00000044   Code   RO         3798    i._ZN10Controller15Calculate_ErrorEv  controller.o
    0x080029b4   0x0000000c   Code   RO         3799    i._ZN10Controller16Set_MommentomRPMEs  controller.o
    0x080029c0   0x0000006c   Code   RO         3800    i._ZN10Controller4InitEv  controller.o
    0x08002a2c   0x00000050   Code   RO         3801    i._ZN10Controller7Get_PWMEv  controller.o
    0x08002a7c   0x0000002c   Code   RO         3802    i._ZN10Controller7Set_RPMEs  controller.o
    0x08002aa8   0x00000040   Code   RO         3614    i._ZN5Motor10Free_WheelEv  motor.o
    0x08002ae8   0x00000098   Code   RO         3615    i._ZN5Motor11Check_SpeedEv  motor.o
    0x08002b80   0x00000030   Code   RO         3616    i._ZN5Motor11Hal_ChangedEv  motor.o
    0x08002bb0   0x00000074   Code   RO         3617    i._ZN5Motor11Time_PassedEb  motor.o
    0x08002c24   0x0000005c   Code   RO         3618    i._ZN5Motor12Start_TimersEv  motor.o
    0x08002c80   0x00000038   Code   RO         3619    i._ZN5Motor13Set_DirectionEv  motor.o
    0x08002cb8   0x00000038   Code   RO         3620    i._ZN5Motor13Set_DutyCycleEhh  motor.o
    0x08002cf0   0x00000114   Code   RO         3621    i._ZN5Motor14Anti_ClockwiseEv  motor.o
    0x08002e04   0x00000058   Code   RO         3622    i._ZN5Motor14Init_ClockwiseEv  motor.o
    0x08002e5c   0x0000000c   Code   RO         3623    i._ZN5Motor15Get_MomentomRPMEv  motor.o
    0x08002e68   0x00000058   Code   RO         3624    i._ZN5Motor19Init_Anti_ClockwiseEv  motor.o
    0x08002ec0   0x00000030   Code   RO         3625    i._ZN5Motor4InitEb  motor.o
    0x08002ef0   0x00000010   Code   RO         3626    i._ZN5Motor7Set_PWMEi  motor.o
    0x08002f00   0x00000048   Code   RO         3627    i._ZN5Motor8Read_HalEv  motor.o
    0x08002f48   0x00000030   Code   RO         3628    i._ZN5Motor8Show_HalEv  motor.o
    0x08002f78   0x000000e8   Code   RO         3629    i._ZN5Motor9CalculateEv  motor.o
    0x08003060   0x00000114   Code   RO         3630    i._ZN5Motor9ClockwiseEv  motor.o
    0x08003174   0x0000001c   Code   RO         3631    i._ZN5Motor9State_HalEb  motor.o
    0x08003190   0x00000048   Code   RO         3744    i._ZN7Network13Receive_EndedEv  network.o
    0x080031d8   0x00000018   Code   RO         3745    i._ZN7Network14Transmit_EndedEv  network.o
    0x080031f0   0x00000018   Code   RO         3746    i._ZN7Network4InitEv  network.o
    0x08003208   0x0000000c   Code   RO         3747    i._ZN7Network7Set_RPMEs  network.o
    0x08003214   0x0000000c   Code   RO         3748    i._ZN7Network9Read_SRPMEv  network.o
    0x08003220   0x0000002e   Code   RO         3921    i.__ARM_clz         mf_p.l(depilogue.o)
    0x0800324e   0x0000001a   Code   RO         2512    i.__ARM_common_switch8  stm32f0xx_hal_tim.o
    0x08003268   0x0000000e   Code   RO         3927    i.__scatterload_copy  mc_p.l(handlers.o)
    0x08003276   0x00000002   Code   RO         3928    i.__scatterload_null  mc_p.l(handlers.o)
    0x08003278   0x0000000e   Code   RO         3929    i.__scatterload_zeroinit  mc_p.l(handlers.o)
    0x08003286   0x00000002   PAD
    0x08003288   0x0000006c   Code   RO         3531    i.main              main.o
    0x080032f4   0x00000010   Data   RO            7    .constdata          system_stm32f0xx.o
    0x08003304   0x00000008   Data   RO            8    .constdata          system_stm32f0xx.o
    0x0800330c   0x00000020   Data   RO         3925    Region$$Table       anon$$obj.o


    Execution Region RW_IRAM1 (Base: 0x20000000, Size: 0x00000b08, Max: 0x00001000, ABSOLUTE)

    Base Addr    Size         Type   Attr      Idx    E Section Name        Object

    0x20000000   0x00000004   Data   RW            9    .data               system_stm32f0xx.o
    0x20000004   0x00000004   Data   RW          789    .data               stm32f0xx_hal.o
    0x20000008   0x00000003   Data   RW         3539    .data               main.o
    0x2000000b   0x00000005   PAD
    0x20000010   0x00000030   Data   RW         3652    .data               motor.o
    0x20000040   0x0000000c   Data   RW         3756    .data               network.o
    0x2000004c   0x0000000c   Data   RW         3812    .data               controller.o
    0x20000058   0x0000004c   Zero   RW         3240    .bss                adc.o
    0x200000a4   0x00000070   Zero   RW         3414    .bss                usart.o
    0x20000114   0x00000140   Zero   RW         3465    .bss                tim.o
    0x20000254   0x00000060   Zero   RW         3650    .bss                motor.o
    0x200002b4   0x00000054   Zero   RW         3810    .bss                controller.o
    0x20000308   0x00000800   Zero   RW         3858    STACK               startup_stm32f030x6.o


==============================================================================

Image component sizes


      Code (inc. data)   RO Data    RW Data    ZI Data      Debug   Object Name

       200         32          0          0         76       1583   adc.o
       456         90          0         12         84       4068   controller.o
       208         22          0          0          0        939   gpio.o
       358         34          0          3          0       6762   main.o
      1768        162          0         48         96      11056   motor.o
       144         40          0         12          0       2812   network.o
        28          8        176          0       2048        592   startup_stm32f030x6.o
        94         18          0          4          0       3035   stm32f0xx_hal.o
       644         26          0          0          0       2623   stm32f0xx_hal_adc.o
       178         28          0          0          0      10463   stm32f0xx_hal_cortex.o
        72          0          0          0          0       1111   stm32f0xx_hal_dma.o
       374         32          0          0          0       3446   stm32f0xx_hal_gpio.o
        56          6          0          0          0        822   stm32f0xx_hal_msp.o
      1320         96          0          0          0       4981   stm32f0xx_hal_rcc.o
       232         14          0          0          0       1372   stm32f0xx_hal_rcc_ex.o
      1758         82          0          0          0      15991   stm32f0xx_hal_tim.o
       172          0          0          0          0       3094   stm32f0xx_hal_tim_ex.o
      1414         26          0          0          0       9784   stm32f0xx_hal_uart.o
       106         24          0          0          0       4258   stm32f0xx_it.o
        92         14         24          4          0     267055   system_stm32f0xx.o
       972        174          0          0        320       4650   tim.o
       180         44          0          0        112       1586   usart.o

    ----------------------------------------------------------------------
     10846        972        232         88       2736     362083   Object Totals
         0          0         32          0          0          0   (incl. Generated)
        20          0          0          5          0          0   (incl. Padding)

    ----------------------------------------------------------------------

      Code (inc. data)   RO Data    RW Data    ZI Data      Debug   Library Member Name

         0          0          0          0          0          0   entry.o
         0          0          0          0          0          0   entry10a.o
         0          0          0          0          0          0   entry11a.o
         8          4          0          0          0          0   entry2.o
         4          0          0          0          0          0   entry5.o
         0          0          0          0          0          0   entry7b.o
         0          0          0          0          0          0   entry8b.o
         8          4          0          0          0          0   entry9a.o
        30          0          0          0          0          0   handlers.o
        36          8          0          0          0         68   init.o
         0          0          0          0          0          0   iusefp.o
        32          0          0          0          0         68   llshl.o
        38          0          0          0          0         68   llsshr.o
        34          0          0          0          0         68   llushr.o
        44          0          0          0          0         72   uidiv.o
        40          2          0          0          0         68   cdcmple.o
        40          2          0          0          0         68   cdrcmple.o
       356          4          0          0          0        140   dadd.o
       240          6          0          0          0         84   ddiv.o
       236          0          0          0          0        216   depilogue.o
        72         10          0          0          0         72   dfixi.o
        28          4          0          0          0         68   dfltui.o
       208          6          0          0          0         88   dmul.o
        44          0          0          0          0         72   dscalb.o
       178          0          0          0          0        108   fadd.o
       130          0          0          0          0        144   fepilogue.o
        50          0          0          0          0         60   ffixi.o
        22          0          0          0          0         68   fflti.o
        14          0          0          0          0         68   ffltui.o
       122          0          0          0          0         72   fmul.o

    ----------------------------------------------------------------------
      2022         50          0          0          0       1740   Library Totals
         8          0          0          0          0          0   (incl. Padding)

    ----------------------------------------------------------------------

      Code (inc. data)   RO Data    RW Data    ZI Data      Debug   Library Name

       234         16          0          0          0        344   mc_p.l
      1780         34          0          0          0       1396   mf_p.l

    ----------------------------------------------------------------------
      2022         50          0          0          0       1740   Library Totals

    ----------------------------------------------------------------------

==============================================================================


      Code (inc. data)   RO Data    RW Data    ZI Data      Debug   

     12868       1022        232         88       2736     357711   Grand Totals
     12868       1022        232         88       2736     357711   ELF Image Totals
     12868       1022        232         88          0          0   ROM Totals

==============================================================================

    Total RO  Size (Code + RO Data)                13100 (  12.79kB)
    Total RW  Size (RW Data + ZI Data)              2824 (   2.76kB)
    Total ROM Size (Code + RO Data + RW Data)      13188 (  12.88kB)

==============================================================================

